Archive member included because of file (symbol)

D:\Work_space\Eclipse\vtm_soft\VTM_V1_M\libs\gcc\libapp_start.a(fileSys.o)
                              ./custom/lstr25/SRC/task3.o (Ql_FS_Open)
D:\Work_space\Eclipse\vtm_soft\VTM_V1_M\libs\gcc\libapp_start.a(fota.o)
                              ./custom/fota/src/fota_main.o (Ql_FOTA_Init)
D:\Work_space\Eclipse\vtm_soft\VTM_V1_M\libs\gcc\libapp_start.a(gpio.o)
                              ./custom/lstr25/SRC/gpio.o (Ql_GPIO_Init)
D:\Work_space\Eclipse\vtm_soft\VTM_V1_M\libs\gcc\libapp_start.a(gprs.o)
                              ./custom/fota/src/fota_main.o (Ql_GPRS_GetPDPContextId)
D:\Work_space\Eclipse\vtm_soft\VTM_V1_M\libs\gcc\libapp_start.a(lib_ril_sms.o)
                              ./ril/src/ril_sms.o (LIB_SMS_IsValidHexStr)
D:\Work_space\Eclipse\vtm_soft\VTM_V1_M\libs\gcc\libapp_start.a(memory.o)
                              ./ril/src/ril_bluetooth.o (Ql_MEM_Alloc)
D:\Work_space\Eclipse\vtm_soft\VTM_V1_M\libs\gcc\libapp_start.a(ql_func.o)
                              D:\Work_space\Eclipse\vtm_soft\VTM_V1_M\libs\gcc\libapp_start.a(memory.o) (api_notsup)
D:\Work_space\Eclipse\vtm_soft\VTM_V1_M\libs\gcc\libapp_start.a(ql_main.o)
                              ./ril/src/ril_bluetooth.o (Ql_Debug_Trace)
D:\Work_space\Eclipse\vtm_soft\VTM_V1_M\libs\gcc\libapp_start.a(ril_aux.o)
                              ./custom/config/sys_config.o (proc_reserved2)
D:\Work_space\Eclipse\vtm_soft\VTM_V1_M\libs\gcc\libapp_start.a(ril_main.o)
                              ./custom/config/sys_config.o (proc_reserved1)
D:\Work_space\Eclipse\vtm_soft\VTM_V1_M\libs\gcc\libapp_start.a(socket.o)
                              ./custom/lstr25/SRC/task2.o (Ql_SOC_Register)
D:\Work_space\Eclipse\vtm_soft\VTM_V1_M\libs\gcc\libapp_start.a(stdlib_func.o)
                              ./ril/src/ril_location.o (Ql_atof)
D:\Work_space\Eclipse\vtm_soft\VTM_V1_M\libs\gcc\libapp_start.a(system.o)
                              ./ril/src/ril_ftp.o (Ql_Sleep)
D:\Work_space\Eclipse\vtm_soft\VTM_V1_M\libs\gcc\libapp_start.a(taskMngt.o)
                              ./custom/lstr25/SRC/main.o (Ql_OS_GetMessage)
D:\Work_space\Eclipse\vtm_soft\VTM_V1_M\libs\gcc\libapp_start.a(timer.o)
                              ./custom/lstr25/SRC/main.o (Ql_Timer_Register)
D:\Work_space\Eclipse\vtm_soft\VTM_V1_M\libs\gcc\libapp_start.a(uart.o)
                              ./custom/lstr25/SRC/task1.o (Ql_UART_Register)
D:\Work_space\Eclipse\vtm_soft\VTM_V1_M\libs\gcc\libapp_start.a(ocpu_init.o)
                              D:\Work_space\Eclipse\vtm_soft\VTM_V1_M\libs\gcc\libapp_start.a(ql_main.o) (_OCPU_InitUserMem)
C:\Program Files (x86)\CodeSourcery\Sourcery_CodeBench_Lite_for_ARM_EABI\arm-none-eabi\lib\thumb\libc.a(lib_a-memcpy.o)
                              D:\Work_space\Eclipse\vtm_soft\VTM_V1_M\libs\gcc\libapp_start.a(stdlib_func.o) (memcpy)
C:\Program Files (x86)\CodeSourcery\Sourcery_CodeBench_Lite_for_ARM_EABI\arm-none-eabi\lib\thumb\libc.a(lib_a-memset.o)
                              ./ril/src/ril_alarm.o (memset)
C:\Program Files (x86)\CodeSourcery\Sourcery_CodeBench_Lite_for_ARM_EABI\arm-none-eabi\lib\thumb\libc.a(lib_a-strstr.o)
                              ./custom/lstr25/SRC/task1.o (strstr)
C:\Program Files (x86)\CodeSourcery\Sourcery_CodeBench_Lite_for_ARM_EABI\arm-none-eabi\lib\thumb\libc.a(lib_a-strtok.o)
                              ./custom/lstr25/SRC/task1.o (strtok)
C:\Program Files (x86)\CodeSourcery\Sourcery_CodeBench_Lite_for_ARM_EABI\arm-none-eabi\lib\thumb\libc.a(lib_a-strtok_r.o)
                              C:\Program Files (x86)\CodeSourcery\Sourcery_CodeBench_Lite_for_ARM_EABI\arm-none-eabi\lib\thumb\libc.a(lib_a-strtok.o) (__strtok_r)
C:\Program Files (x86)\CodeSourcery\Sourcery_CodeBench_Lite_for_ARM_EABI\arm-none-eabi\lib\thumb\libc.a(lib_a-impure.o)
                              C:\Program Files (x86)\CodeSourcery\Sourcery_CodeBench_Lite_for_ARM_EABI\arm-none-eabi\lib\thumb\libc.a(lib_a-strtok.o) (_impure_ptr)
C:\Program Files (x86)\CodeSourcery\Sourcery_CodeBench_Lite_for_ARM_EABI\arm-none-eabi\lib\thumb\libc.a(lib_a-memchr.o)
                              C:\Program Files (x86)\CodeSourcery\Sourcery_CodeBench_Lite_for_ARM_EABI\arm-none-eabi\lib\thumb\libc.a(lib_a-strstr.o) (memchr)
C:\Program Files (x86)\CodeSourcery\Sourcery_CodeBench_Lite_for_ARM_EABI\arm-none-eabi\lib\thumb\libc.a(lib_a-memcmp.o)
                              C:\Program Files (x86)\CodeSourcery\Sourcery_CodeBench_Lite_for_ARM_EABI\arm-none-eabi\lib\thumb\libc.a(lib_a-strstr.o) (memcmp)
C:\Program Files (x86)\CodeSourcery\Sourcery_CodeBench_Lite_for_ARM_EABI\arm-none-eabi\lib\thumb\libc.a(lib_a-strchr.o)
                              C:\Program Files (x86)\CodeSourcery\Sourcery_CodeBench_Lite_for_ARM_EABI\arm-none-eabi\lib\thumb\libc.a(lib_a-strstr.o) (strchr)
[...]
Memory Configuration

Name             Origin             Length             Attributes
ROM              0x102c7040         0x0005a000         xr
RAM              0xf03d2000         0x00019000         xrw
*default*        0x00000000         0xffffffff

Linker script and memory map

LOAD ./ril/src/ril_alarm.o
LOAD ./ril/src/ril_atResponse.o
LOAD ./ril/src/ril_audio.o
LOAD ./ril/src/ril_bluetooth.o
LOAD ./ril/src/ril_custom.o
LOAD ./ril/src/ril_ftp.o
LOAD ./ril/src/ril_http.o
LOAD ./ril/src/ril_init.o
LOAD ./ril/src/ril_location.o
LOAD ./ril/src/ril_network.o
LOAD ./ril/src/ril_sms.o
LOAD ./ril/src/ril_system.o
LOAD ./ril/src/ril_telephony.o
LOAD ./ril/src/ril_urc.o
LOAD ./ril/src/ril_util.o
LOAD ./example/example_adc.o
LOAD ./example/example_audio.o
LOAD ./example/example_bluetooth.o
LOAD ./example/example_call.o
LOAD ./example/example_clk.o
LOAD ./example/example_csd.o
LOAD ./example/example_download_epo.o
LOAD ./example/example_eint.o
LOAD ./example/example_file.o
LOAD ./example/example_float_math.o
LOAD ./example/example_fota_ftp.o
LOAD ./example/example_fota_http.o
LOAD ./example/example_ftp.o
LOAD ./example/example_gpio.o
LOAD ./example/example_http.o
LOAD ./example/example_iic.o
LOAD ./example/example_location.o
LOAD ./example/example_memory.o
LOAD ./example/example_multitask.o
LOAD ./example/example_multitask_port.o
LOAD ./example/example_pwm.o
LOAD ./example/example_sms.o
LOAD ./example/example_spi.o
LOAD ./example/example_system.o
LOAD ./example/example_tcp_demo.o
LOAD ./example/example_tcpclient.o
LOAD ./example/example_tcpserver.o
LOAD ./example/example_time.o
LOAD ./example/example_timer.o
LOAD ./example/example_transpass.o
LOAD ./example/example_udpclient.o
LOAD ./example/example_udpserver.o
LOAD ./example/example_watchdog.o
LOAD ./example/utility.o
LOAD ./custom/lstr25/SRC/copy_27.o
LOAD ./custom/lstr25/SRC/data.o
LOAD ./custom/lstr25/SRC/flash.o
LOAD ./custom/lstr25/SRC/flashing.o
LOAD ./custom/lstr25/SRC/global.o
LOAD ./custom/lstr25/SRC/gpio.o
LOAD ./custom/lstr25/SRC/gpiop.o
LOAD ./custom/lstr25/SRC/main.o
LOAD ./custom/lstr25/SRC/multi_event.o
LOAD ./custom/lstr25/SRC/multi_time.o
LOAD ./custom/lstr25/SRC/proj_main.o
LOAD ./custom/lstr25/SRC/rtc.o
LOAD ./custom/lstr25/SRC/sms.o
LOAD ./custom/lstr25/SRC/subtask1_gpio.o
LOAD ./custom/lstr25/SRC/task1.o
LOAD ./custom/lstr25/SRC/task2.o
LOAD ./custom/lstr25/SRC/task3.o
LOAD ./custom/lstr25/SRC/task4.o
LOAD ./custom/lstr25/SRC/taskmi.o
LOAD ./custom/lstr25/SRC/test_multi_2.o
LOAD ./custom/lstr25/SRC/utils.o
LOAD ./custom/fota/src/fota_ftp.o
LOAD ./custom/fota/src/fota_http.o
LOAD ./custom/fota/src/fota_http_code.o
LOAD ./custom/fota/src/fota_main.o
LOAD ./custom/config/custom_sys_cfg.o
LOAD ./custom/config/sys_config.o
LOAD D:\Work_space\Eclipse\vtm_soft\VTM_V1_M\libs\gcc\libapp_start.a
LOAD C:\Program Files (x86)\CodeSourcery\Sourcery_CodeBench_Lite_for_ARM_EABI\arm-none-eabi\lib\thumb\libm.a
LOAD C:\Program Files (x86)\CodeSourcery\Sourcery_CodeBench_Lite_for_ARM_EABI\arm-none-eabi\lib\thumb\libc.a
LOAD C:\Program Files (x86)\CodeSourcery\Sourcery_CodeBench_Lite_for_ARM_EABI\arm-none-eabi\lib\thumb\libcs3.a
LOAD C:\Program Files (x86)\CodeSourcery\Sourcery_CodeBench_Lite_for_ARM_EABI\lib\gcc\arm-none-eabi\4.7.2\thumb\libgcc.a
START GROUP
LOAD C:\Program Files (x86)\CodeSourcery\Sourcery_CodeBench_Lite_for_ARM_EABI\lib\gcc\arm-none-eabi\4.7.2\thumb\libgcc.a
LOAD C:\Program Files (x86)\CodeSourcery\Sourcery_CodeBench_Lite_for_ARM_EABI\arm-none-eabi\lib\thumb\libc.a
END GROUP
                0x102c7040                . = 0x102c7040

.initdata       0x102c7040       0x2c
 *(.initdata)
 .initdata      0x102c7040       0x2c D:\Work_space\Eclipse\vtm_soft\VTM_V1_M\libs\gcc\libapp_start.a(ql_main.o)
                0x102c7040                GADLENTRY

text            0x102c7070    0x13878
 *(.text)
 .text          0x102c7070       0x9c ./ril/src/ril_atResponse.o
                0x102c7070                Default_atRsp_callback
 .text          0x102c710c     0x2bb0 ./ril/src/ril_bluetooth.o
                0x102c7ba8                BT_DevMngmt_GetDeviceId
                0x102c7be0                BT_DevMngmt_GetPairedId
                0x102c7c18                BT_DevMngmt_GetConnId
                0x102c7c50                BT_DevMngmt_GetProfileId
                0x102c7c88                BT_DevMngmt_GetdevName
                0x102c7cbc                BT_DevMngmt_GetdevAddr
                0x102c7cf4                RIL_BT_Switch
                0x102c7d7c                RIL_BT_GetPwrState
                0x102c7dec                RIL_BT_SetName
                0x102c7e88                RIL_BT_GetName
                0x102c7fac                RIL_BT_GetLocalAddr
                0x102c808c                RIL_BT_SetVisble
                0x102c8140                OnURCHandler_BTVisible
                0x102c8238                RIL_BT_GetVisble
                0x102c82ac                OnURCHandler_BTScan
                0x102c8548                RIL_BT_GetDevListInfo
                0x102c85c0                RIL_BT_GetDevListPointer
                0x102c85cc                RIL_BT_StopScan
                0x102c8624                RIL_BT_QueryState
                0x102c8688                RIL_BT_StartScan
                0x102c8748                RIL_BT_Initialize
                0x102c877c                RIL_BT_PairReq
                0x102c8814                OnURCHandler_BTPair
                0x102c8a1c                RIL_BT_PairConfirm
                0x102c8ad0                OnURCHandler_BTPairCnf
                0x102c8cbc                RIL_BT_Unpair
                0x102c8de8                RIL_BT_GetSupportedProfile
                0x102c8e98                RIL_BT_ConnReq
                0x102c8f58                OnURCHandler_BTConn
                0x102c917c                RIL_BT_SPP_DirectConn
                0x102c9210                RIL_BT_ConnAccept
                0x102c92a0                OnURCHandler_BTConnCnf
                0x102c94bc                RIL_BT_Disconnect
                0x102c9558                OnURCHandler_BTDisconn
                0x102c9778                RIL_BT_SPP_Send
                0x102c9848                RIL_BT_SPP_Read
                0x102c991c                OnURCHandler_BTIndcation
 .text          0x102c9cbc       0x20 ./ril/src/ril_custom.o
                0x102c9cbc                Ql_RIL_RcvDataFrmCore
 .text          0x102c9cdc      0xfcc ./ril/src/ril_ftp.o
                0x102ca188                RIL_FTP_QFTPOPEN
                0x102ca428                RIL_FTP_QFTPCLOSE
                0x102ca4cc                RIL_FTP_QFTPPUT
                0x102ca59c                RIL_FTP_QFTPGET
                0x102ca654                RIL_FTP_QFTPPATH
                0x102ca708                RIL_FTP_QFTPCFG
                0x102ca7c4                RIL_FTP_QFTPSTAT
                0x102ca854                RIL_FTP_QFTPLEN
                0x102ca8e4                RIL_FTP_QFTPRENAME
                0x102ca9a0                RIL_FTP_QFTPSIZE
                0x102caa54                RIL_FTP_QFTPDELETE
                0x102cab08                RIL_FTP_QFTPMKDIR
                0x102cabbc                RIL_FTP_QFTPRMDIR
                0x102cac70                RIL_FTP_QIDEACT
 .text          0x102caca8       0x10 ./ril/src/ril_init.o
                0x102caca8                RIL_GetInitCmdCnt
                0x102cacb0                RIL_GetLimitedCmdCnt
 .text          0x102cacb8      0xd34 ./ril/src/ril_network.o
                0x102caf74                RIL_NW_GetSimStateByName
                0x102cb25c                RIL_NW_GetSIMCardState
                0x102cb2d0                RIL_NW_GetGSMState
                0x102cb344                RIL_NW_GetGPRSState
                0x102cb3c0                RIL_NW_GetSignalQuality
                0x102cb450                RIL_NW_SetGPRSContext
                0x102cb4cc                RIL_NW_SetAPN
                0x102cb5dc                RIL_NW_GetIpStatusByName
                0x102cb88c                RIL_NW_GetIPStatus
                0x102cb8d4                RIL_NW_OpenPDPContext
                0x102cb984                RIL_NW_ClosePDPContext
 .text          0x102cb9ec     0x1730 ./ril/src/ril_sms.o
                0x102cc4cc                RIL_SMS_GetStorage
                0x102cc4d0                RIL_SMS_SetStorage
                0x102cc5e4                RIL_SMS_ReadSMS_PDU
                0x102cc6bc                RIL_SMS_ReadSMS_Text
                0x102cc9d8                RIL_SMS_SendSMS_PDU
                0x102cca90                RIL_SMS_SendSMS_Text
                0x102ccd10                RIL_SMS_SendSMS_Text_Ext
                0x102cd00c                RIL_SMS_DeleteSMS
 .text          0x102cd11c      0xbd0 ./ril/src/ril_urc.o
                0x102cdba4                OnURCHandler
                0x102cdc70                Ql_RIL_IsURCStr
 .text          0x102cdcec      0x4a0 ./ril/src/ril_util.o
                0x102cdcec                Ql_StrPrefixMatch
                0x102cdd3c                Ql_StrToUpper
                0x102cdd98                Ql_HexStrToInt
                0x102cde2c                Ql_RIL_FindString
                0x102cdeb8                Ql_RIL_FindLine
                0x102ce138                Ql_GenHash
 .text          0x102ce18c     0x15b0 ./custom/lstr25/SRC/data.o
                0x102ce18c                Collect_Data_Header
                0x102ce21c                Load_Data_Header
                0x102ce2f8                Load_Ram_Data
                0x102ceab0                Data_Collect_From_ram
                0x102cead0                Data_PushRam
                0x102cecd4                Data_Retrieve
                0x102cef04                LatitudeFormatinLong
                0x102cf004                LongitudeFormatinLong
                0x102cf104                vts_data_FormatDateTimeinInt
                0x102cf20c                vts_data_FormatRTCDateTimeinInt
                0x102cf314                Data_Load
 .text          0x102cf73c       0x68 ./custom/lstr25/SRC/global.o
                0x102cf73c                Initaize_AllGlobalVar
 .text          0x102cf7a4       0xd8 ./custom/lstr25/SRC/gpio.o
                0x102cf7a4                GPIO_Init
 .text          0x102cf87c      0x8c0 ./custom/lstr25/SRC/main.o
                0x102cf938                proc_main_task
 .text          0x102d013c      0x604 ./custom/lstr25/SRC/rtc.o
                0x102d013c                AT_Response_Handler
                0x102d0220                SendATCommand
                0x102d02cc                rtc_SetClock
                0x102d0464                ATResponse_QRTC_Handler
 .text          0x102d0740     0x12d8 ./custom/lstr25/SRC/sms.o
                0x102d0740                vts_sms_Check_SMS_validity
                0x102d0868                vts_sms_InitSMSService
                0x102d0c2c                vts_sms_Send_MSG
                0x102d0dd8                vts_sms_DeleteSMSmessage
                0x102d0eb0                vts_sms_Cntrl_getCommand
                0x102d1284                vts_sms_Cntrl_processRequest
                0x102d16a4                vts_sms_Check_SMS_Command
                0x102d1894                vts_sms_ProcessReceivedSMS
                0x102d1970                proc_main_task5
 .text          0x102d1a18      0x144 ./custom/lstr25/SRC/subtask1_gpio.o
                0x102d1a18                proc_subtask_gpio
 .text          0x102d1b5c     0x1e34 ./custom/lstr25/SRC/task1.o
                0x102d1c54                ReadSerialPort
                0x102d1cc8                CallBack_UART1_Hdlr
                0x102d1da8                Uart_Initialize
                0x102d1ef0                proc_main_task1
                0x102d211c                gps_ParseRMCString
                0x102d25c0                gps_ParseTXTString
                0x102d26d0                Collect_GPS_Data
                0x102d2a08                CallBack_UART2_Hdlr
                0x102d2ac0                Cal_Str_checksum
                0x102d2b10                Form_McAck
                0x102d2d2c                Comp_Str_checksum
                0x102d2ee8                CR_ProtocolParse
                0x102d3344                TR_ProtocolParse
                0x102d3674                Internal_ProtocolParse
                0x102d3848                CallBack_UART3_Hdlr
 .text          0x102d3990     0x26a4 ./custom/lstr25/SRC/task2.o
                0x102d3990                callback_socket_accept
                0x102d3994                callback_socket_close
                0x102d3c54                callback_socket_write
                0x102d3f58                callback_socket_read
                0x102d42b0                CallBack_GPRS_Deactived
                0x102d4384                Callback_GPRS_Actived
                0x102d445c                callback_socket_connect
                0x102d4580                Callback_GetIpByName
                0x102d470c                proc_main_task2
                0x102d4a78                checkErr_AckNumber
 .text          0x102d6034     0x15e4 ./custom/lstr25/SRC/task3.o
                0x102d6034                Task3_Timer_handler
                0x102d6134                File_Initialize
                0x102d6204                Subscribe_File_Sys
                0x102d6358                Data_Read_From_File
                0x102d68a0                UnSubscribe_File_Sys
                0x102d6adc                Ptr_Write_in_File
                0x102d6c24                Data_Write_in_File
                0x102d6fb8                Ptr_Read_in_File
                0x102d71bc                Subscribe_Other_File
                0x102d7424                proc_main_task3
 .text          0x102d7618      0x35c ./custom/lstr25/SRC/task4.o
                0x102d7618                Fota_Process
                0x102d772c                proc_main_task4
 .text          0x102d7974     0x10a8 ./custom/fota/src/fota_ftp.o
                0x102d7974                FTP_Callback_OnDownload
                0x102d7f24                FTP_FotaMain
                0x102d89c4                FTP_IsFtpServer
 .text          0x102d8a1c      0x360 ./custom/fota/src/fota_main.o
                0x102d8bd4                Ql_FOTA_StartUpgrade
                0x102d8d74                Ql_FOTA_StopUpgrade
 .text          0x102d8d7c        0xc ./custom/config/custom_sys_cfg.o
                0x102d8d7c                Ql_WTD_GetWDIPinCfg
 .text          0x102d8d88       0x4c D:\Work_space\Eclipse\vtm_soft\VTM_V1_M\libs\gcc\libapp_start.a(ocpu_init.o)
                0x102d8d88                _OCPU_InitUserMem
 .text          0x102d8dd4      0x10c C:\Program Files (x86)\CodeSourcery\Sourcery_CodeBench_Lite_for_ARM_EABI\arm-none-eabi\lib\thumb\libc.a(lib_a-memcpy.o)
                0x102d8dd4                memcpy
 .text          0x102d8ee0       0x9c C:\Program Files (x86)\CodeSourcery\Sourcery_CodeBench_Lite_for_ARM_EABI\arm-none-eabi\lib\thumb\libc.a(lib_a-memset.o)
                0x102d8ee0                memset
 .text          0x102d8f7c      0x4e8 C:\Program Files (x86)\CodeSourcery\Sourcery_CodeBench_Lite_for_ARM_EABI\arm-none-eabi\lib\thumb\libc.a(lib_a-strstr.o)
                0x102d9240                strstr
 .text          0x102d9464       0x18 C:\Program Files (x86)\CodeSourcery\Sourcery_CodeBench_Lite_for_ARM_EABI\arm-none-eabi\lib\thumb\libc.a(lib_a-strtok.o)
                0x102d9464                strtok
 .text          0x102d947c       0x7c C:\Program Files (x86)\CodeSourcery\Sourcery_CodeBench_Lite_for_ARM_EABI\arm-none-eabi\lib\thumb\libc.a(lib_a-strtok_r.o)
                0x102d947c                __strtok_r
                0x102d94e8                strtok_r
 .text          0x102d94f8       0x98 C:\Program Files (x86)\CodeSourcery\Sourcery_CodeBench_Lite_for_ARM_EABI\arm-none-eabi\lib\thumb\libc.a(lib_a-memchr.o)
                0x102d94f8                memchr
 .text          0x102d9590       0x60 C:\Program Files (x86)\CodeSourcery\Sourcery_CodeBench_Lite_for_ARM_EABI\arm-none-eabi\lib\thumb\libc.a(lib_a-memcmp.o)
                0x102d9590                memcmp
 .text          0x102d95f0       0xd4 C:\Program Files (x86)\CodeSourcery\Sourcery_CodeBench_Lite_for_ARM_EABI\arm-none-eabi\lib\thumb\libc.a(lib_a-strchr.o)
                0x102d95f0                strchr
 .text          0x102d96c4      0x11c C:\Program Files (x86)\CodeSourcery\Sourcery_CodeBench_Lite_for_ARM_EABI\lib\gcc\arm-none-eabi\4.7.2\thumb\libgcc.a(_udivsi3.o)
                0x102d96c4                __aeabi_uidiv
                0x102d96c4                __udivsi3
                0x102d97c0                __aeabi_uidivmod
 .text          0x102d97e0      0x150 C:\Program Files (x86)\CodeSourcery\Sourcery_CodeBench_Lite_for_ARM_EABI\lib\gcc\arm-none-eabi\4.7.2\thumb\libgcc.a(_divsi3.o)
                0x102d97e0                __divsi3
                0x102d97e0                __aeabi_idiv
                0x102d9910                __aeabi_idivmod
 .text          0x102d9930        0x4 C:\Program Files (x86)\CodeSourcery\Sourcery_CodeBench_Lite_for_ARM_EABI\lib\gcc\arm-none-eabi\4.7.2\thumb\libgcc.a(_dvmd_tls.o)
                0x102d9930                __aeabi_idiv0
                0x102d9930                __aeabi_ldiv0
 .text          0x102d9934      0x41c C:\Program Files (x86)\CodeSourcery\Sourcery_CodeBench_Lite_for_ARM_EABI\lib\gcc\arm-none-eabi\4.7.2\thumb\libgcc.a(_arm_addsubdf3.o)
                0x102d9934                __aeabi_drsub
                0x102d993c                __aeabi_dsub
                0x102d993c                __subdf3
                0x102d9940                __aeabi_dadd
                0x102d9940                __adddf3
                0x102d9c50                __floatunsidf
                0x102d9c50                __aeabi_ui2d
                0x102d9c74                __floatsidf
                0x102d9c74                __aeabi_i2d
                0x102d9c9c                __aeabi_f2d
                0x102d9c9c                __extendsfdf2
                0x102d9cdc                __floatundidf
                0x102d9cdc                __aeabi_ul2d
                0x102d9cf0                __floatdidf
                0x102d9cf0                __aeabi_l2d
 .text          0x102d9d50      0x49c C:\Program Files (x86)\CodeSourcery\Sourcery_CodeBench_Lite_for_ARM_EABI\lib\gcc\arm-none-eabi\4.7.2\thumb\libgcc.a(_arm_muldivdf3.o)
                0x102d9d50                __aeabi_dmul
                0x102d9d50                __muldf3
                0x102d9fe0                __divdf3
                0x102d9fe0                __aeabi_ddiv
 .text          0x102da1ec       0x54 C:\Program Files (x86)\CodeSourcery\Sourcery_CodeBench_Lite_for_ARM_EABI\lib\gcc\arm-none-eabi\4.7.2\thumb\libgcc.a(_arm_fixunsdfsi.o)
                0x102da1ec                __aeabi_d2uiz
                0x102da1ec                __fixunsdfsi
 .text          0x102da240       0xa0 C:\Program Files (x86)\CodeSourcery\Sourcery_CodeBench_Lite_for_ARM_EABI\lib\gcc\arm-none-eabi\4.7.2\thumb\libgcc.a(_arm_truncdfsf2.o)
                0x102da240                __truncdfsf2
                0x102da240                __aeabi_d2f
 .text          0x102da2e0      0x2ac C:\Program Files (x86)\CodeSourcery\Sourcery_CodeBench_Lite_for_ARM_EABI\lib\gcc\arm-none-eabi\4.7.2\thumb\libgcc.a(_arm_addsubsf3.o)
                0x102da2e0                __aeabi_frsub
                0x102da2e8                __subsf3
                0x102da2e8                __aeabi_fsub
                0x102da2ec                __aeabi_fadd
                0x102da2ec                __addsf3
                0x102da4a8                __aeabi_ui2f
                0x102da4a8                __floatunsisf
                0x102da4b0                __aeabi_i2f
                0x102da4b0                __floatsisf
                0x102da4d0                __aeabi_ul2f
                0x102da4d0                __floatundisf
                0x102da4e0                __aeabi_l2f
                0x102da4e0                __floatdisf
 .text          0x102da58c      0x2f8 C:\Program Files (x86)\CodeSourcery\Sourcery_CodeBench_Lite_for_ARM_EABI\lib\gcc\arm-none-eabi\4.7.2\thumb\libgcc.a(_arm_muldivsf3.o)
                0x102da58c                __mulsf3
                0x102da58c                __aeabi_fmul
                0x102da724                __aeabi_fdiv
                0x102da724                __divsf3
 .text          0x102da884       0x54 C:\Program Files (x86)\CodeSourcery\Sourcery_CodeBench_Lite_for_ARM_EABI\lib\gcc\arm-none-eabi\4.7.2\thumb\libgcc.a(_arm_fixunssfsi.o)
                0x102da884                __fixunssfsi
                0x102da884                __aeabi_f2uiz
 .text.__stub   0x102da8d8        0xc linker stubs

.glue_7         0x102da8e8        0x0
 .glue_7        0x00000000        0x0 linker stubs

.glue_7t        0x102da8e8        0x0
 .glue_7t       0x00000000        0x0 linker stubs

.vfp11_veneer   0x102da8e8        0x0
 .vfp11_veneer  0x00000000        0x0 linker stubs

.v4_bx          0x102da8e8        0x0
 .v4_bx         0x00000000        0x0 linker stubs

.iplt           0x102da8e8        0x0
 .iplt          0x00000000        0x0 ./ril/src/ril_alarm.o

.text.Ql_FS_Open
                0x102da8e8       0x68
 .text.Ql_FS_Open
                0x102da8e8       0x68 D:\Work_space\Eclipse\vtm_soft\VTM_V1_M\libs\gcc\libapp_start.a(fileSys.o)
                0x102da8e8                Ql_FS_Open

.text.Ql_FS_OpenRAMFile
                0x102da950       0x70
 .text.Ql_FS_OpenRAMFile
                0x102da950       0x70 D:\Work_space\Eclipse\vtm_soft\VTM_V1_M\libs\gcc\libapp_start.a(fileSys.o)
                0x102da950                Ql_FS_OpenRAMFile

.text.Ql_FS_Read
                0x102da9c0       0x78
 .text.Ql_FS_Read
                0x102da9c0       0x78 D:\Work_space\Eclipse\vtm_soft\VTM_V1_M\libs\gcc\libapp_start.a(fileSys.o)
                0x102da9c0                Ql_FS_Read

.text.Ql_FS_Write
                0x102daa38       0x78
 .text.Ql_FS_Write
                0x102daa38       0x78 D:\Work_space\Eclipse\vtm_soft\VTM_V1_M\libs\gcc\libapp_start.a(fileSys.o)
                0x102daa38                Ql_FS_Write

.text.Ql_FS_Seek
                0x102daab0       0x70
 .text.Ql_FS_Seek
                0x102daab0       0x70 D:\Work_space\Eclipse\vtm_soft\VTM_V1_M\libs\gcc\libapp_start.a(fileSys.o)
                0x102daab0                Ql_FS_Seek

.text.Ql_FS_GetFilePosition
                0x102dab20       0x60
 .text.Ql_FS_GetFilePosition
                0x102dab20       0x60 D:\Work_space\Eclipse\vtm_soft\VTM_V1_M\libs\gcc\libapp_start.a(fileSys.o)
                0x102dab20                Ql_FS_GetFilePosition

.text.Ql_FS_Close
                0x102dab80       0x54
 .text.Ql_FS_Close
                0x102dab80       0x54 D:\Work_space\Eclipse\vtm_soft\VTM_V1_M\libs\gcc\libapp_start.a(fileSys.o)
                0x102dab80                Ql_FS_Close

.text.Ql_FS_GetSize
                0x102dabd4       0x60
 .text.Ql_FS_GetSize
                0x102dabd4       0x60 D:\Work_space\Eclipse\vtm_soft\VTM_V1_M\libs\gcc\libapp_start.a(fileSys.o)
                0x102dabd4                Ql_FS_GetSize

.text.Ql_FS_Delete
                0x102dac34       0x60
 .text.Ql_FS_Delete
                0x102dac34       0x60 D:\Work_space\Eclipse\vtm_soft\VTM_V1_M\libs\gcc\libapp_start.a(fileSys.o)
                0x102dac34                Ql_FS_Delete

.text.Ql_FS_Check
                0x102dac94       0x60
 .text.Ql_FS_Check
                0x102dac94       0x60 D:\Work_space\Eclipse\vtm_soft\VTM_V1_M\libs\gcc\libapp_start.a(fileSys.o)
                0x102dac94                Ql_FS_Check

.text.Ql_FS_CreateDir
                0x102dacf4       0x60
 .text.Ql_FS_CreateDir
                0x102dacf4       0x60 D:\Work_space\Eclipse\vtm_soft\VTM_V1_M\libs\gcc\libapp_start.a(fileSys.o)
                0x102dacf4                Ql_FS_CreateDir

.text.Ql_FS_CheckDir
                0x102dad54       0x60
 .text.Ql_FS_CheckDir
                0x102dad54       0x60 D:\Work_space\Eclipse\vtm_soft\VTM_V1_M\libs\gcc\libapp_start.a(fileSys.o)
                0x102dad54                Ql_FS_CheckDir

.text.Ql_FOTA_Init
                0x102dadb4       0x60
 .text.Ql_FOTA_Init
                0x102dadb4       0x60 D:\Work_space\Eclipse\vtm_soft\VTM_V1_M\libs\gcc\libapp_start.a(fota.o)
                0x102dadb4                Ql_FOTA_Init

.text.Ql_FOTA_WriteData
                0x102dae14       0x68
 .text.Ql_FOTA_WriteData
                0x102dae14       0x68 D:\Work_space\Eclipse\vtm_soft\VTM_V1_M\libs\gcc\libapp_start.a(fota.o)
                0x102dae14                Ql_FOTA_WriteData

.text.Ql_FOTA_Finish
                0x102dae7c       0x58
 .text.Ql_FOTA_Finish
                0x102dae7c       0x58 D:\Work_space\Eclipse\vtm_soft\VTM_V1_M\libs\gcc\libapp_start.a(fota.o)
                0x102dae7c                Ql_FOTA_Finish

.text.Ql_FOTA_Update
                0x102daed4       0x58
 .text.Ql_FOTA_Update
                0x102daed4       0x58 D:\Work_space\Eclipse\vtm_soft\VTM_V1_M\libs\gcc\libapp_start.a(fota.o)
                0x102daed4                Ql_FOTA_Update

.text.Ql_GPIO_Init
                0x102daf2c       0x78
 .text.Ql_GPIO_Init
                0x102daf2c       0x78 D:\Work_space\Eclipse\vtm_soft\VTM_V1_M\libs\gcc\libapp_start.a(gpio.o)
                0x102daf2c                Ql_GPIO_Init

.text.Ql_GPRS_GetPDPCntxtState
                0x102dafa4       0x60
 .text.Ql_GPRS_GetPDPCntxtState
                0x102dafa4       0x60 D:\Work_space\Eclipse\vtm_soft\VTM_V1_M\libs\gcc\libapp_start.a(gprs.o)
                0x102dafa4                Ql_GPRS_GetPDPCntxtState

.text.Ql_GPRS_GetPDPContextId
                0x102db004       0x34
 .text.Ql_GPRS_GetPDPContextId
                0x102db004       0x34 D:\Work_space\Eclipse\vtm_soft\VTM_V1_M\libs\gcc\libapp_start.a(gprs.o)
                0x102db004                Ql_GPRS_GetPDPContextId

.text.Ql_GPRS_Config
                0x102db038       0x68
 .text.Ql_GPRS_Config
                0x102db038       0x68 D:\Work_space\Eclipse\vtm_soft\VTM_V1_M\libs\gcc\libapp_start.a(gprs.o)
                0x102db038                Ql_GPRS_Config

.text.Ql_GPRS_Register
                0x102db0a0       0x70
 .text.Ql_GPRS_Register
                0x102db0a0       0x70 D:\Work_space\Eclipse\vtm_soft\VTM_V1_M\libs\gcc\libapp_start.a(gprs.o)
                0x102db0a0                Ql_GPRS_Register

.text.Ql_GPRS_Activate
                0x102db110       0x60
 .text.Ql_GPRS_Activate
                0x102db110       0x60 D:\Work_space\Eclipse\vtm_soft\VTM_V1_M\libs\gcc\libapp_start.a(gprs.o)
                0x102db110                Ql_GPRS_Activate

.text.Ql_GPRS_Deactivate
                0x102db170       0x60
 .text.Ql_GPRS_Deactivate
                0x102db170       0x60 D:\Work_space\Eclipse\vtm_soft\VTM_V1_M\libs\gcc\libapp_start.a(gprs.o)
                0x102db170                Ql_GPRS_Deactivate

.text.Ql_GPRS_GetLocalIPAddress
                0x102db1d0       0x68
 .text.Ql_GPRS_GetLocalIPAddress
                0x102db1d0       0x68 D:\Work_space\Eclipse\vtm_soft\VTM_V1_M\libs\gcc\libapp_start.a(gprs.o)
                0x102db1d0                Ql_GPRS_GetLocalIPAddress

.text.Ql_GPRS_GetDNSAddress
                0x102db238       0x70
 .text.Ql_GPRS_GetDNSAddress
                0x102db238       0x70 D:\Work_space\Eclipse\vtm_soft\VTM_V1_M\libs\gcc\libapp_start.a(gprs.o)
                0x102db238                Ql_GPRS_GetDNSAddress

.text.EncodeAddress
                0x102db2a8      0x228
 .text.EncodeAddress
                0x102db2a8      0x228 D:\Work_space\Eclipse\vtm_soft\VTM_V1_M\libs\gcc\libapp_start.a(lib_ril_sms.o)

.text.DecodeUserDataHeader
                0x102db4d0       0xb8
 .text.DecodeUserDataHeader
                0x102db4d0       0xb8 D:\Work_space\Eclipse\vtm_soft\VTM_V1_M\libs\gcc\libapp_start.a(lib_ril_sms.o)

.text.EncodeGSM7Bit.part.2
                0x102db588       0xd4
 .text.EncodeGSM7Bit.part.2
                0x102db588       0xd4 D:\Work_space\Eclipse\vtm_soft\VTM_V1_M\libs\gcc\libapp_start.a(lib_ril_sms.o)

.text.DecodeGSM7Bit
                0x102db65c      0x148
 .text.DecodeGSM7Bit
                0x102db65c      0x148 D:\Work_space\Eclipse\vtm_soft\VTM_V1_M\libs\gcc\libapp_start.a(lib_ril_sms.o)

.text.DecodeAddress
                0x102db7a4      0x218
 .text.DecodeAddress
                0x102db7a4      0x218 D:\Work_space\Eclipse\vtm_soft\VTM_V1_M\libs\gcc\libapp_start.a(lib_ril_sms.o)

.text.DecordUserDataBody.part.5
                0x102db9bc      0x180
 .text.DecordUserDataBody.part.5
                0x102db9bc      0x180 D:\Work_space\Eclipse\vtm_soft\VTM_V1_M\libs\gcc\libapp_start.a(lib_ril_sms.o)

.text.DecodeTimeStamp.constprop.8
                0x102dbb3c      0x104
 .text.DecodeTimeStamp.constprop.8
                0x102dbb3c      0x104 D:\Work_space\Eclipse\vtm_soft\VTM_V1_M\libs\gcc\libapp_start.a(lib_ril_sms.o)

.text.LIB_SMS_IsValidHexStr
                0x102dbc40       0x54
 .text.LIB_SMS_IsValidHexStr
                0x102dbc40       0x54 D:\Work_space\Eclipse\vtm_soft\VTM_V1_M\libs\gcc\libapp_start.a(lib_ril_sms.o)
                0x102dbc40                LIB_SMS_IsValidHexStr

.text.LIB_SMS_ConvHexOctToHexStr
                0x102dbc94       0xa8
 .text.LIB_SMS_ConvHexOctToHexStr
                0x102dbc94       0xa8 D:\Work_space\Eclipse\vtm_soft\VTM_V1_M\libs\gcc\libapp_start.a(lib_ril_sms.o)
                0x102dbc94                LIB_SMS_ConvHexOctToHexStr

.text.LIB_SMS_ConvHexStrToHexOct
                0x102dbd3c       0xe8
 .text.LIB_SMS_ConvHexStrToHexOct
                0x102dbd3c       0xe8 D:\Work_space\Eclipse\vtm_soft\VTM_V1_M\libs\gcc\libapp_start.a(lib_ril_sms.o)
                0x102dbd3c                LIB_SMS_ConvHexStrToHexOct

.text.LIB_SMS_DecodeDCS
                0x102dbe24      0x164
 .text.LIB_SMS_DecodeDCS
                0x102dbe24      0x164 D:\Work_space\Eclipse\vtm_soft\VTM_V1_M\libs\gcc\libapp_start.a(lib_ril_sms.o)
                0x102dbe24                LIB_SMS_DecodeDCS

.text.LIB_SMS_ConvAlphaToCharSet
                0x102dbf88      0x43c
 .text.LIB_SMS_ConvAlphaToCharSet
                0x102dbf88      0x43c D:\Work_space\Eclipse\vtm_soft\VTM_V1_M\libs\gcc\libapp_start.a(lib_ril_sms.o)
                0x102dbf88                LIB_SMS_ConvAlphaToCharSet

.text.LIB_SMS_ConvCharSetToAlpha
                0x102dc3c4      0x7b4
 .text.LIB_SMS_ConvCharSetToAlpha
                0x102dc3c4      0x7b4 D:\Work_space\Eclipse\vtm_soft\VTM_V1_M\libs\gcc\libapp_start.a(lib_ril_sms.o)
                0x102dc3c4                LIB_SMS_ConvCharSetToAlpha

.text.LIB_SMS_DecodePDUStr
                0x102dcb78      0x500
 .text.LIB_SMS_DecodePDUStr
                0x102dcb78      0x500 D:\Work_space\Eclipse\vtm_soft\VTM_V1_M\libs\gcc\libapp_start.a(lib_ril_sms.o)
                0x102dcb78                LIB_SMS_DecodePDUStr

.text.LIB_SMS_EncodeSubmitPDU
                0x102dd078      0x730
 .text.LIB_SMS_EncodeSubmitPDU
                0x102dd078      0x730 D:\Work_space\Eclipse\vtm_soft\VTM_V1_M\libs\gcc\libapp_start.a(lib_ril_sms.o)
                0x102dd078                LIB_SMS_EncodeSubmitPDU

.text.Ql_MEM_Alloc
                0x102dd7a8       0x78
 .text.Ql_MEM_Alloc
                0x102dd7a8       0x78 D:\Work_space\Eclipse\vtm_soft\VTM_V1_M\libs\gcc\libapp_start.a(memory.o)
                0x102dd7a8                Ql_MEM_Alloc

.text.Ql_MEM_Free
                0x102dd820       0x74
 .text.Ql_MEM_Free
                0x102dd820       0x74 D:\Work_space\Eclipse\vtm_soft\VTM_V1_M\libs\gcc\libapp_start.a(memory.o)
                0x102dd820                Ql_MEM_Free

.text.ql_InitVFunc
                0x102dd894       0xd8
 .text.ql_InitVFunc
                0x102dd894       0xd8 D:\Work_space\Eclipse\vtm_soft\VTM_V1_M\libs\gcc\libapp_start.a(ql_main.o)
                0x102dd894                ql_InitVFunc

.text.ocpu_main
                0x102dd96c       0xf0
 .text.ocpu_main
                0x102dd96c       0xf0 D:\Work_space\Eclipse\vtm_soft\VTM_V1_M\libs\gcc\libapp_start.a(ql_main.o)
                0x102dd96c                ocpu_main

.text.proc_reserved2
                0x102dda5c       0x70
 .text.proc_reserved2
                0x102dda5c       0x70 D:\Work_space\Eclipse\vtm_soft\VTM_V1_M\libs\gcc\libapp_start.a(ril_aux.o)
                0x102dda5c                proc_reserved2

.text.ril_StopATTimer
                0x102ddacc       0x34
 .text.ril_StopATTimer
                0x102ddacc       0x34 D:\Work_space\Eclipse\vtm_soft\VTM_V1_M\libs\gcc\libapp_start.a(ril_main.o)

.text.Callback_OnATTimer
                0x102ddb00       0x4c
 .text.Callback_OnATTimer
                0x102ddb00       0x4c D:\Work_space\Eclipse\vtm_soft\VTM_V1_M\libs\gcc\libapp_start.a(ril_main.o)

.text.CallBack_SerialPort_Hdlr
                0x102ddb4c      0x384
 .text.CallBack_SerialPort_Hdlr
                0x102ddb4c      0x384 D:\Work_space\Eclipse\vtm_soft\VTM_V1_M\libs\gcc\libapp_start.a(ril_main.o)

.text.proc_reserved1
                0x102dded0      0x200
 .text.proc_reserved1
                0x102dded0      0x200 D:\Work_space\Eclipse\vtm_soft\VTM_V1_M\libs\gcc\libapp_start.a(ril_main.o)
                0x102dded0                proc_reserved1

.text.Ql_RIL_Initialize
                0x102de0d0       0xd4
 .text.Ql_RIL_Initialize
                0x102de0d0       0xd4 D:\Work_space\Eclipse\vtm_soft\VTM_V1_M\libs\gcc\libapp_start.a(ril_main.o)
                0x102de0d0                Ql_RIL_Initialize

.text.Ql_RIL_SendATCmd
                0x102de1a4      0x264
 .text.Ql_RIL_SendATCmd
                0x102de1a4      0x264 D:\Work_space\Eclipse\vtm_soft\VTM_V1_M\libs\gcc\libapp_start.a(ril_main.o)
                0x102de1a4                Ql_RIL_SendATCmd

.text.Ql_RIL_WriteDataToCore
                0x102de408       0x24
 .text.Ql_RIL_WriteDataToCore
                0x102de408       0x24 D:\Work_space\Eclipse\vtm_soft\VTM_V1_M\libs\gcc\libapp_start.a(ril_main.o)
                0x102de408                Ql_RIL_WriteDataToCore

.text.Ql_SOC_Register
                0x102de42c       0x84
 .text.Ql_SOC_Register
                0x102de42c       0x84 D:\Work_space\Eclipse\vtm_soft\VTM_V1_M\libs\gcc\libapp_start.a(socket.o)
                0x102de42c                Ql_SOC_Register

.text.Ql_SOC_Create
                0x102de4b0       0x64
 .text.Ql_SOC_Create
                0x102de4b0       0x64 D:\Work_space\Eclipse\vtm_soft\VTM_V1_M\libs\gcc\libapp_start.a(socket.o)
                0x102de4b0                Ql_SOC_Create

.text.Ql_SOC_Close
                0x102de514       0x60
 .text.Ql_SOC_Close
                0x102de514       0x60 D:\Work_space\Eclipse\vtm_soft\VTM_V1_M\libs\gcc\libapp_start.a(socket.o)
                0x102de514                Ql_SOC_Close

.text.Ql_SOC_Connect
                0x102de574       0x70
 .text.Ql_SOC_Connect
                0x102de574       0x70 D:\Work_space\Eclipse\vtm_soft\VTM_V1_M\libs\gcc\libapp_start.a(socket.o)
                0x102de574                Ql_SOC_Connect

.text.Ql_SOC_Send
                0x102de5e4       0x70
 .text.Ql_SOC_Send
                0x102de5e4       0x70 D:\Work_space\Eclipse\vtm_soft\VTM_V1_M\libs\gcc\libapp_start.a(socket.o)
                0x102de5e4                Ql_SOC_Send

.text.Ql_SOC_Recv
                0x102de654       0x70
 .text.Ql_SOC_Recv
                0x102de654       0x70 D:\Work_space\Eclipse\vtm_soft\VTM_V1_M\libs\gcc\libapp_start.a(socket.o)
                0x102de654                Ql_SOC_Recv

.text.Ql_SOC_GetAckNumber
                0x102de6c4       0x68
 .text.Ql_SOC_GetAckNumber
                0x102de6c4       0x68 D:\Work_space\Eclipse\vtm_soft\VTM_V1_M\libs\gcc\libapp_start.a(socket.o)
                0x102de6c4                Ql_SOC_GetAckNumber

.text.Ql_IpHelper_GetIPByHostName
                0x102de72c       0x78
 .text.Ql_IpHelper_GetIPByHostName
                0x102de72c       0x78 D:\Work_space\Eclipse\vtm_soft\VTM_V1_M\libs\gcc\libapp_start.a(socket.o)
                0x102de72c                Ql_IpHelper_GetIPByHostName

.text.Ql_IpHelper_ConvertIpAddr
                0x102de7a4       0x68
 .text.Ql_IpHelper_ConvertIpAddr
                0x102de7a4       0x68 D:\Work_space\Eclipse\vtm_soft\VTM_V1_M\libs\gcc\libapp_start.a(socket.o)
                0x102de7a4                Ql_IpHelper_ConvertIpAddr

.text.Ql_atof   0x102de80c       0x98
 .text.Ql_atof  0x102de80c       0x98 D:\Work_space\Eclipse\vtm_soft\VTM_V1_M\libs\gcc\libapp_start.a(stdlib_func.o)
                0x102de80c                Ql_atof

.text.Ql_strcpy
                0x102de8a4       0xa0
 .text.Ql_strcpy
                0x102de8a4       0xa0 D:\Work_space\Eclipse\vtm_soft\VTM_V1_M\libs\gcc\libapp_start.a(stdlib_func.o)
                0x102de8a4                Ql_strcpy

.text.Ql_strncpy
                0x102de944       0x88
 .text.Ql_strncpy
                0x102de944       0x88 D:\Work_space\Eclipse\vtm_soft\VTM_V1_M\libs\gcc\libapp_start.a(stdlib_func.o)
                0x102de944                Ql_strncpy

.text.Ql_strcat
                0x102de9cc       0x80
 .text.Ql_strcat
                0x102de9cc       0x80 D:\Work_space\Eclipse\vtm_soft\VTM_V1_M\libs\gcc\libapp_start.a(stdlib_func.o)
                0x102de9cc                Ql_strcat

.text.Ql_strlen
                0x102dea4c       0x78
 .text.Ql_strlen
                0x102dea4c       0x78 D:\Work_space\Eclipse\vtm_soft\VTM_V1_M\libs\gcc\libapp_start.a(stdlib_func.o)
                0x102dea4c                Ql_strlen

.text.Ql_strcmp
                0x102deac4       0x68
 .text.Ql_strcmp
                0x102deac4       0x68 D:\Work_space\Eclipse\vtm_soft\VTM_V1_M\libs\gcc\libapp_start.a(stdlib_func.o)
                0x102deac4                Ql_strcmp

.text.Ql_strncmp
                0x102deb2c       0x70
 .text.Ql_strncmp
                0x102deb2c       0x70 D:\Work_space\Eclipse\vtm_soft\VTM_V1_M\libs\gcc\libapp_start.a(stdlib_func.o)
                0x102deb2c                Ql_strncmp

.text.Ql_memset
                0x102deb9c       0x88
 .text.Ql_memset
                0x102deb9c       0x88 D:\Work_space\Eclipse\vtm_soft\VTM_V1_M\libs\gcc\libapp_start.a(stdlib_func.o)
                0x102deb9c                Ql_memset

.text.Ql_memcpy
                0x102dec24       0x88
 .text.Ql_memcpy
                0x102dec24       0x88 D:\Work_space\Eclipse\vtm_soft\VTM_V1_M\libs\gcc\libapp_start.a(stdlib_func.o)
                0x102dec24                Ql_memcpy

.text.Ql_strstr
                0x102decac       0x80
 .text.Ql_strstr
                0x102decac       0x80 D:\Work_space\Eclipse\vtm_soft\VTM_V1_M\libs\gcc\libapp_start.a(stdlib_func.o)
                0x102decac                Ql_strstr

.text.Ql_strchr
                0x102ded2c       0x80
 .text.Ql_strchr
                0x102ded2c       0x80 D:\Work_space\Eclipse\vtm_soft\VTM_V1_M\libs\gcc\libapp_start.a(stdlib_func.o)
                0x102ded2c                Ql_strchr

.text.Ql_toupper
                0x102dedac        0x8
 .text.Ql_toupper
                0x102dedac        0x8 D:\Work_space\Eclipse\vtm_soft\VTM_V1_M\libs\gcc\libapp_start.a(stdlib_func.o)
                0x102dedac                Ql_toupper

.text.Ql_tolower
                0x102dedb4        0x8
 .text.Ql_tolower
                0x102dedb4        0x8 D:\Work_space\Eclipse\vtm_soft\VTM_V1_M\libs\gcc\libapp_start.a(stdlib_func.o)
                0x102dedb4                Ql_tolower

.text.Ql_atoi   0x102dedbc       0x84
 .text.Ql_atoi  0x102dedbc       0x84 D:\Work_space\Eclipse\vtm_soft\VTM_V1_M\libs\gcc\libapp_start.a(stdlib_func.o)
                0x102dedbc                Ql_atoi

.text.Ql_Sleep  0x102dee40       0x74
 .text.Ql_Sleep
                0x102dee40       0x74 D:\Work_space\Eclipse\vtm_soft\VTM_V1_M\libs\gcc\libapp_start.a(system.o)
                0x102dee40                Ql_Sleep

.text.Ql_Reset  0x102deeb4       0x74
 .text.Ql_Reset
                0x102deeb4       0x74 D:\Work_space\Eclipse\vtm_soft\VTM_V1_M\libs\gcc\libapp_start.a(system.o)
                0x102deeb4                Ql_Reset

.text.Ql_GetSDKVer
                0x102def28       0x64
 .text.Ql_GetSDKVer
                0x102def28       0x64 D:\Work_space\Eclipse\vtm_soft\VTM_V1_M\libs\gcc\libapp_start.a(system.o)
                0x102def28                Ql_GetSDKVer

.text.Ql_OS_GetMessage
                0x102def8c       0x60
 .text.Ql_OS_GetMessage
                0x102def8c       0x60 D:\Work_space\Eclipse\vtm_soft\VTM_V1_M\libs\gcc\libapp_start.a(taskMngt.o)
                0x102def8c                Ql_OS_GetMessage

.text.Ql_OS_SendMessage
                0x102defec       0x78
 .text.Ql_OS_SendMessage
                0x102defec       0x78 D:\Work_space\Eclipse\vtm_soft\VTM_V1_M\libs\gcc\libapp_start.a(taskMngt.o)
                0x102defec                Ql_OS_SendMessage

.text.Ql_OS_CreateMutex
                0x102df064       0x54
 .text.Ql_OS_CreateMutex
                0x102df064       0x54 D:\Work_space\Eclipse\vtm_soft\VTM_V1_M\libs\gcc\libapp_start.a(taskMngt.o)
                0x102df064                Ql_OS_CreateMutex

.text.Ql_OS_TakeMutex
                0x102df0b8       0x54
 .text.Ql_OS_TakeMutex
                0x102df0b8       0x54 D:\Work_space\Eclipse\vtm_soft\VTM_V1_M\libs\gcc\libapp_start.a(taskMngt.o)
                0x102df0b8                Ql_OS_TakeMutex

.text.Ql_OS_GiveMutex
                0x102df10c       0x54
 .text.Ql_OS_GiveMutex
                0x102df10c       0x54 D:\Work_space\Eclipse\vtm_soft\VTM_V1_M\libs\gcc\libapp_start.a(taskMngt.o)
                0x102df10c                Ql_OS_GiveMutex

.text.Ql_OS_CreateEvent
                0x102df160       0x54
 .text.Ql_OS_CreateEvent
                0x102df160       0x54 D:\Work_space\Eclipse\vtm_soft\VTM_V1_M\libs\gcc\libapp_start.a(taskMngt.o)
                0x102df160                Ql_OS_CreateEvent

.text.Ql_OS_WaitEvent
                0x102df1b4       0x68
 .text.Ql_OS_WaitEvent
                0x102df1b4       0x68 D:\Work_space\Eclipse\vtm_soft\VTM_V1_M\libs\gcc\libapp_start.a(taskMngt.o)
                0x102df1b4                Ql_OS_WaitEvent

.text.Ql_OS_SetEvent
                0x102df21c       0x68
 .text.Ql_OS_SetEvent
                0x102df21c       0x68 D:\Work_space\Eclipse\vtm_soft\VTM_V1_M\libs\gcc\libapp_start.a(taskMngt.o)
                0x102df21c                Ql_OS_SetEvent

.text.Ql_Timer_Register
                0x102df284       0x70
 .text.Ql_Timer_Register
                0x102df284       0x70 D:\Work_space\Eclipse\vtm_soft\VTM_V1_M\libs\gcc\libapp_start.a(timer.o)
                0x102df284                Ql_Timer_Register

.text.Ql_Timer_Start
                0x102df2f4       0x70
 .text.Ql_Timer_Start
                0x102df2f4       0x70 D:\Work_space\Eclipse\vtm_soft\VTM_V1_M\libs\gcc\libapp_start.a(timer.o)
                0x102df2f4                Ql_Timer_Start

.text.Ql_Timer_Stop
                0x102df364       0x60
 .text.Ql_Timer_Stop
                0x102df364       0x60 D:\Work_space\Eclipse\vtm_soft\VTM_V1_M\libs\gcc\libapp_start.a(timer.o)
                0x102df364                Ql_Timer_Stop

.text.Ql_UART_Register
                0x102df3c4       0x70
 .text.Ql_UART_Register
                0x102df3c4       0x70 D:\Work_space\Eclipse\vtm_soft\VTM_V1_M\libs\gcc\libapp_start.a(uart.o)
                0x102df3c4                Ql_UART_Register

.text.Ql_UART_Open
                0x102df434       0x70
 .text.Ql_UART_Open
                0x102df434       0x70 D:\Work_space\Eclipse\vtm_soft\VTM_V1_M\libs\gcc\libapp_start.a(uart.o)
                0x102df434                Ql_UART_Open

.text.Ql_UART_Write
                0x102df4a4       0x70
 .text.Ql_UART_Write
                0x102df4a4       0x70 D:\Work_space\Eclipse\vtm_soft\VTM_V1_M\libs\gcc\libapp_start.a(uart.o)
                0x102df4a4                Ql_UART_Write

.text.Ql_UART_Read
                0x102df514       0x70
 .text.Ql_UART_Read
                0x102df514       0x70 D:\Work_space\Eclipse\vtm_soft\VTM_V1_M\libs\gcc\libapp_start.a(uart.o)
                0x102df514                Ql_UART_Read

.text.Ql_UART_GetPinStatus
                0x102df584       0x68
 .text.Ql_UART_GetPinStatus
                0x102df584       0x68 D:\Work_space\Eclipse\vtm_soft\VTM_V1_M\libs\gcc\libapp_start.a(uart.o)
                0x102df584                Ql_UART_GetPinStatus

.text.Ql_UART_SendEscap
                0x102df5ec       0x60
 .text.Ql_UART_SendEscap
                0x102df5ec       0x60 D:\Work_space\Eclipse\vtm_soft\VTM_V1_M\libs\gcc\libapp_start.a(uart.o)
                0x102df5ec                Ql_UART_SendEscap

.rodata         0x102df64c      0xed4
 *(.rodata)
 .rodata        0x102df64c      0x124 ./ril/src/ril_bluetooth.o
 .rodata        0x102df770       0x8c ./ril/src/ril_network.o
 .rodata        0x102df7fc      0x738 ./ril/src/ril_urc.o
 .rodata        0x102dff34        0xc ./custom/lstr25/SRC/data.o
 .rodata        0x102dff40       0x28 ./custom/lstr25/SRC/sms.o
 .rodata        0x102dff68       0x74 ./custom/lstr25/SRC/task1.o
 .rodata        0x102dffdc       0x2c ./custom/lstr25/SRC/task2.o
 .rodata        0x102e0008       0x14 ./custom/lstr25/SRC/task3.o
 .rodata        0x102e001c       0x4c ./custom/config/custom_sys_cfg.o
                0x102e0020                SystemCfg
 .rodata        0x102e0068       0xcc ./custom/config/sys_config.o
                0x102e0068                GpioConfigTbl
                0x102e006c                TaskConfig
 .rodata        0x102e0134      0x3bc D:\Work_space\Eclipse\vtm_soft\VTM_V1_M\libs\gcc\libapp_start.a(lib_ril_sms.o)
 .rodata        0x102e04f0       0x16 D:\Work_space\Eclipse\vtm_soft\VTM_V1_M\libs\gcc\libapp_start.a(ql_main.o)
 .rodata        0x102e0506        0x4 D:\Work_space\Eclipse\vtm_soft\VTM_V1_M\libs\gcc\libapp_start.a(ril_main.o)
 .rodata        0x102e050a       0x16 D:\Work_space\Eclipse\vtm_soft\VTM_V1_M\libs\gcc\libapp_start.a(system.o)

.rodata.str1.4  0x102e0520     0x33e8
 .rodata.str1.4
                0x102e0520       0x20 ./ril/src/ril_atResponse.o
                                 0x24 (size before relaxing)
 .rodata.str1.4
                0x102e0540      0x463 ./ril/src/ril_bluetooth.o
                                0x480 (size before relaxing)
 *fill*         0x102e09a3        0x1 
 .rodata.str1.4
                0x102e09a4      0x294 ./ril/src/ril_ftp.o
                                0x2c0 (size before relaxing)
 .rodata.str1.4
                0x102e0c38       0x57 ./ril/src/ril_init.o
                                 0x58 (size before relaxing)
 *fill*         0x102e0c8f        0x1 
 .rodata.str1.4
                0x102e0c90      0x179 ./ril/src/ril_network.o
                                0x1b8 (size before relaxing)
 *fill*         0x102e0e09        0x3 
 .rodata.str1.4
                0x102e0e0c       0xc2 ./ril/src/ril_sms.o
                                 0xec (size before relaxing)
 *fill*         0x102e0ece        0x2 
 .rodata.str1.4
                0x102e0ed0      0x188 ./ril/src/ril_urc.o
                                0x194 (size before relaxing)
 .rodata.str1.4
                0x102e1058       0x15 ./ril/src/ril_util.o
                                 0x20 (size before relaxing)
 *fill*         0x102e106d        0x3 
 .rodata.str1.4
                0x102e1070      0x1ed ./custom/lstr25/SRC/data.o
                                0x1f4 (size before relaxing)
 *fill*         0x102e125d        0x3 
 .rodata.str1.4
                0x102e1260      0x266 ./custom/lstr25/SRC/main.o
                                0x268 (size before relaxing)
 *fill*         0x102e14c6        0x2 
 .rodata.str1.4
                0x102e14c8       0x9d ./custom/lstr25/SRC/rtc.o
                                 0xb0 (size before relaxing)
 *fill*         0x102e1565        0x3 
 .rodata.str1.4
                0x102e1568      0x44e ./custom/lstr25/SRC/sms.o
                                0x450 (size before relaxing)
 *fill*         0x102e19b6        0x2 
 .rodata.str1.4
                0x102e19b8       0x63 ./custom/lstr25/SRC/subtask1_gpio.o
                                 0x64 (size before relaxing)
 *fill*         0x102e1a1b        0x1 
 .rodata.str1.4
                0x102e1a1c      0x2cb ./custom/lstr25/SRC/task1.o
                                0x2dc (size before relaxing)
 *fill*         0x102e1ce7        0x1 
 .rodata.str1.4
                0x102e1ce8      0xd02 ./custom/lstr25/SRC/task2.o
                                0xd10 (size before relaxing)
 *fill*         0x102e29ea        0x2 
 .rodata.str1.4
                0x102e29ec      0x561 ./custom/lstr25/SRC/task3.o
                                0x5b0 (size before relaxing)
 *fill*         0x102e2f4d        0x3 
 .rodata.str1.4
                0x102e2f50       0xdd ./custom/lstr25/SRC/task4.o
                                 0xe0 (size before relaxing)
 *fill*         0x102e302d        0x3 
 .rodata.str1.4
                0x102e3030      0x6d8 ./custom/fota/src/fota_ftp.o
                                0x6ec (size before relaxing)
 .rodata.str1.4
                0x102e3708      0x1f9 ./custom/fota/src/fota_main.o
                                0x1fc (size before relaxing)
 *fill*         0x102e3901        0x3 
 .rodata.str1.4
                0x102e3904        0x4 C:\Program Files (x86)\CodeSourcery\Sourcery_CodeBench_Lite_for_ARM_EABI\arm-none-eabi\lib\thumb\libc.a(lib_a-impure.o)

.rodata.str1.1  0x102e3908      0x858
 .rodata.str1.1
                0x102e3908      0x15c D:\Work_space\Eclipse\vtm_soft\VTM_V1_M\libs\gcc\libapp_start.a(fileSys.o)
 .rodata.str1.1
                0x102e3a64       0x4e D:\Work_space\Eclipse\vtm_soft\VTM_V1_M\libs\gcc\libapp_start.a(fota.o)
 .rodata.str1.1
                0x102e3ab2       0x9a D:\Work_space\Eclipse\vtm_soft\VTM_V1_M\libs\gcc\libapp_start.a(gpio.o)
 .rodata.str1.1
                0x102e3b4c       0xcb D:\Work_space\Eclipse\vtm_soft\VTM_V1_M\libs\gcc\libapp_start.a(gprs.o)
 .rodata.str1.1
                0x102e3c17       0x19 D:\Work_space\Eclipse\vtm_soft\VTM_V1_M\libs\gcc\libapp_start.a(memory.o)
 .rodata.str1.1
                0x102e3c30       0x56 D:\Work_space\Eclipse\vtm_soft\VTM_V1_M\libs\gcc\libapp_start.a(ql_main.o)
 .rodata.str1.1
                0x102e3c86       0x1e D:\Work_space\Eclipse\vtm_soft\VTM_V1_M\libs\gcc\libapp_start.a(ril_main.o)
                                 0x25 (size before relaxing)
 .rodata.str1.1
                0x102e3ca4      0x151 D:\Work_space\Eclipse\vtm_soft\VTM_V1_M\libs\gcc\libapp_start.a(socket.o)
 .rodata.str1.1
                0x102e3df5       0xa1 D:\Work_space\Eclipse\vtm_soft\VTM_V1_M\libs\gcc\libapp_start.a(stdlib_func.o)
 .rodata.str1.1
                0x102e3e96       0x3d D:\Work_space\Eclipse\vtm_soft\VTM_V1_M\libs\gcc\libapp_start.a(system.o)
 .rodata.str1.1
                0x102e3ed3      0x140 D:\Work_space\Eclipse\vtm_soft\VTM_V1_M\libs\gcc\libapp_start.a(taskMngt.o)
 .rodata.str1.1
                0x102e4013       0x45 D:\Work_space\Eclipse\vtm_soft\VTM_V1_M\libs\gcc\libapp_start.a(timer.o)
 .rodata.str1.1
                0x102e4058      0x108 D:\Work_space\Eclipse\vtm_soft\VTM_V1_M\libs\gcc\libapp_start.a(uart.o)

.rel.dyn        0x102e4160        0x0
 .rel.iplt      0x00000000        0x0 ./ril/src/ril_alarm.o

.data           0xf03d2000      0x538 load address 0x102e4160
                0x102e4160                PROVIDE (__data_load, LOADADDR (.data))
                0xf03d2000                PROVIDE (__data_start, .)
 *(.data)
 .data          0xf03d2000        0x1 ./ril/src/ril_bluetooth.o
 *fill*         0xf03d2001        0x3 
 .data          0xf03d2004       0x20 ./ril/src/ril_init.o
                0xf03d2004                g_LimitedCmds
                0xf03d200c                g_InitCmds
 .data          0xf03d2024       0x1c ./custom/lstr25/SRC/task2.o
                0xf03d2028                st_gprsdata
 .data          0xf03d2040       0x1c ./custom/lstr25/SRC/task3.o
                0xf03d2040                st_ufsdata
                0xf03d2050                PtrHandle
                0xf03d2054                CfgHandle
                0xf03d2058                storage
 .data          0xf03d205c       0x14 ./custom/lstr25/SRC/task4.o
                0xf03d205c                st_fota_config
 .data          0xf03d2070       0x68 ./custom/fota/src/fota_main.o
                0xf03d2070                Fota_apn
                0xf03d20d4                g_FOTA_State
 .data          0xf03d20d8       0x18 D:\Work_space\Eclipse\vtm_soft\VTM_V1_M\libs\gcc\libapp_start.a(ql_func.o)
                0xf03d20d8                api_notsup
 .data          0xf03d20f0        0x4 D:\Work_space\Eclipse\vtm_soft\VTM_V1_M\libs\gcc\libapp_start.a(ril_aux.o)
                0xf03d20f0                g_ril_auxTaskId
 .data          0xf03d20f4       0x10 D:\Work_space\Eclipse\vtm_soft\VTM_V1_M\libs\gcc\libapp_start.a(ril_main.o)
 *fill*         0xf03d2104        0x4 
 .data          0xf03d2108      0x430 C:\Program Files (x86)\CodeSourcery\Sourcery_CodeBench_Lite_for_ARM_EABI\arm-none-eabi\lib\thumb\libc.a(lib_a-impure.o)
                0xf03d2108                _impure_ptr
                0xf03d2538                PROVIDE (_edata, .)

.igot.plt       0xf03d2538        0x0 load address 0x102e4698
 .igot.plt      0x00000000        0x0 ./ril/src/ril_alarm.o

.bss            0xf03d2538     0x73cc load address 0x102e4698
                0xf03d2538                PROVIDE (__bss_start__, .)
 *(.bss)
 .bss           0xf03d2538        0x4 ./ril/src/ril_audio.o
                0xf03d2538                cb_aud_play
 .bss           0xf03d253c       0x94 ./ril/src/ril_bluetooth.o
 .bss           0xf03d25d0        0x4 ./ril/src/ril_custom.o
                0xf03d25d0                cb_rcvCoreData
 .bss           0xf03d25d4       0x18 ./ril/src/ril_http.o
                0xf03d25d8                http_url_addr
                0xf03d25dc                http_url_addr_len
                0xf03d25e0                http_post_msg
                0xf03d25e4                http_post_msg_len
                0xf03d25e8                callback_http_dwnld
 .bss           0xf03d25ec        0x1 ./ril/src/ril_sms.o
 *fill*         0xf03d25ed        0x3 
 .bss           0xf03d25f0        0x8 ./ril/src/ril_urc.o
                0xf03d25f0                FtpGet_IND_CB
                0xf03d25f4                FtpPut_IND_CB
 .bss           0xf03d25f8     0x1b54 ./custom/lstr25/SRC/data.o
 .bss           0xf03d414c      0x200 ./custom/lstr25/SRC/main.o
 .bss           0xf03d434c      0x200 ./custom/lstr25/SRC/rtc.o
 .bss           0xf03d454c      0x200 ./custom/lstr25/SRC/sms.o
 .bss           0xf03d474c      0x200 ./custom/lstr25/SRC/subtask1_gpio.o
 .bss           0xf03d494c      0x520 ./custom/lstr25/SRC/task1.o
 .bss           0xf03d4e6c      0x208 ./custom/lstr25/SRC/task2.o
 .bss           0xf03d5074      0x330 ./custom/lstr25/SRC/task3.o
 .bss           0xf03d53a4      0x3f4 ./custom/lstr25/SRC/task4.o
 .bss           0xf03d5798       0xb0 ./custom/fota/src/fota_ftp.o
 .bss           0xf03d5848       0x44 ./custom/fota/src/fota_main.o
                0xf03d5848                Fota_UpgardeState
                0xf03d584c                Fota_passwd
                0xf03d586c                Fota_userid
 .bss           0xf03d588c       0x60 D:\Work_space\Eclipse\vtm_soft\VTM_V1_M\libs\gcc\libapp_start.a(fileSys.o)
 .bss           0xf03d58ec       0x14 D:\Work_space\Eclipse\vtm_soft\VTM_V1_M\libs\gcc\libapp_start.a(fota.o)
 .bss           0xf03d5900       0x20 D:\Work_space\Eclipse\vtm_soft\VTM_V1_M\libs\gcc\libapp_start.a(gpio.o)
                0xf03d5900                m_GPIO_Init
                0xf03d5904                m_GPIO_SetLevel
                0xf03d5908                m_GPIO_GetLevel
                0xf03d590c                m_GPIO_SetDirection
                0xf03d5910                m_GPIO_GetDirection
                0xf03d5914                m_GPIO_SetPullSelection
                0xf03d5918                m_GPIO_GetPullSelection
                0xf03d591c                m_GPIO_Uninit
 .bss           0xf03d5920       0x28 D:\Work_space\Eclipse\vtm_soft\VTM_V1_M\libs\gcc\libapp_start.a(gprs.o)
 .bss           0xf03d5948        0x8 D:\Work_space\Eclipse\vtm_soft\VTM_V1_M\libs\gcc\libapp_start.a(memory.o)
 .bss           0xf03d5950       0x24 D:\Work_space\Eclipse\vtm_soft\VTM_V1_M\libs\gcc\libapp_start.a(ql_func.o)
                0xf03d5950                m_StartPlayAudioStream
                0xf03d5954                m_get_api_ptr
                0xf03d5958                m_StopPlayAudioStream
                0xf03d595c                m_GetRelativeTime_Counter
                0xf03d5960                m_SecondToTicks
                0xf03d5964                m_MillisecondToTicks
                0xf03d5968                m_CalendarTime2LocalTime
                0xf03d596c                m_osChangeTaskPriority
                0xf03d5970                m_create_api_hash
 .bss           0xf03d5974       0x10 D:\Work_space\Eclipse\vtm_soft\VTM_V1_M\libs\gcc\libapp_start.a(ql_main.o)
                0xf03d5978                runinfo
 .bss           0xf03d5984        0x1 D:\Work_space\Eclipse\vtm_soft\VTM_V1_M\libs\gcc\libapp_start.a(ril_aux.o)
                0xf03d5984                g_ril_auxTaskReady
 *fill*         0xf03d5985        0x3 
 .bss           0xf03d5988      0xc34 D:\Work_space\Eclipse\vtm_soft\VTM_V1_M\libs\gcc\libapp_start.a(ril_main.o)
 .bss           0xf03d65bc       0x4c D:\Work_space\Eclipse\vtm_soft\VTM_V1_M\libs\gcc\libapp_start.a(socket.o)
 .bss           0xf03d6608       0x40 D:\Work_space\Eclipse\vtm_soft\VTM_V1_M\libs\gcc\libapp_start.a(stdlib_func.o)
 .bss           0xf03d6648       0x14 D:\Work_space\Eclipse\vtm_soft\VTM_V1_M\libs\gcc\libapp_start.a(system.o)
 .bss           0xf03d665c       0x40 D:\Work_space\Eclipse\vtm_soft\VTM_V1_M\libs\gcc\libapp_start.a(taskMngt.o)
 .bss           0xf03d669c       0x10 D:\Work_space\Eclipse\vtm_soft\VTM_V1_M\libs\gcc\libapp_start.a(timer.o)
 .bss           0xf03d66ac       0x3c D:\Work_space\Eclipse\vtm_soft\VTM_V1_M\libs\gcc\libapp_start.a(uart.o)
                0xf03d66e8                PROVIDE (__bss_end__, .)
 COMMON         0xf03d66e8      0x124 ./ril/src/ril_telephony.o
                0xf03d66e8                g_comingCall
 *fill*         0xf03d680c        0x4 
 COMMON         0xf03d6810     0x1c6c ./custom/lstr25/SRC/data.o
                0xf03d6810                st_rec_hdr
                0xf03d6824                st_ram_arraytemp
                0xf03d6c18                m_tcp_info
                0xf03d6c30                Uart1Receive
                0xf03d6c34                st_ram_array1
                0xf03d70e8                m_tcp_state
                0xf03d70ec                ufs_data_ptr
                0xf03d70f0                st_ram_array
                0xf03d74e0                stestvalue
                0xf03d74e4                m_gprsCfg
                0xf03d7594                uart
 COMMON         0xf03d847c       0x2c ./custom/lstr25/SRC/global.o
                0xf03d847c                st_glob_var
                0xf03d8488                st_rtc_cclk
                0xf03d84a0                st_globflags
                0xf03d84a4                st_task1_cnt
 COMMON         0xf03d84a8      0x46c ./custom/lstr25/SRC/main.o
                0xf03d84a8                st_sys
                0xf03d8550                st_interval
                0xf03d8554                sms_var
                0xf03d8900                m_task_evnt
 COMMON         0xf03d8914       0xb0 ./custom/lstr25/SRC/task1.o
                0xf03d8914                st_mc_info
                0xf03d8928                st_gps_info
                0xf03d8960                st_gps_buff
 COMMON         0xf03d89c4      0x62e ./custom/lstr25/SRC/task2.o
                0xf03d89c4                st_gprs_data
                0xf03d8fa4                st_gprsconfig
 *fill*         0xf03d8ff2        0x2 
 COMMON         0xf03d8ff4      0x7d4 ./custom/lstr25/SRC/task3.o
                0xf03d8ff4                st_ufs_data_buff
 COMMON         0xf03d97c8       0x69 ./custom/lstr25/SRC/task4.o
                0xf03d97c8                u8servpassword
                0xf03d97dc                u8servportno
                0xf03d97e8                u8servfilepath
                0xf03d97fc                u8servfilename
                0xf03d9818                u8servusername
 *fill*         0xf03d9831        0x3 
 COMMON         0xf03d9834       0xc0 ./custom/fota/src/fota_main.o
                0xf03d9834                Fota_gprsCfg
                0xf03d98e4                FotaConfig
 COMMON         0xf03d98f4       0x10 D:\Work_space\Eclipse\vtm_soft\VTM_V1_M\libs\gcc\libapp_start.a(ql_main.o)
                0xf03d98f4                Ql_snprintf
                0xf03d98f8                Ql_sprintf
                0xf03d98fc                Ql_Debug_Trace
                0xf03d9900                Ql_sscanf
OUTPUT(APPGS3MDM32A01.elf elf32-littlearm)

.debug_info     0x00000000    0x20380
 .debug_info    0x00000000      0x172 ./ril/src/ril_atResponse.o
 .debug_info    0x00000172     0x13ac ./ril/src/ril_audio.o
 .debug_info    0x0000151e     0x3c6e ./ril/src/ril_bluetooth.o
 .debug_info    0x0000518c      0x129 ./ril/src/ril_custom.o
 .debug_info    0x000052b5     0x18db ./ril/src/ril_ftp.o
 .debug_info    0x00006b90      0x773 ./ril/src/ril_http.o
 .debug_info    0x00007303       0xfc ./ril/src/ril_init.o
 .debug_info    0x000073ff     0x14ac ./ril/src/ril_network.o
 .debug_info    0x000088ab     0x29b1 ./ril/src/ril_sms.o
 .debug_info    0x0000b25c      0x5b7 ./ril/src/ril_telephony.o
 .debug_info    0x0000b813     0x13d8 ./ril/src/ril_urc.o
 .debug_info    0x0000cbeb      0x58a ./ril/src/ril_util.o
 .debug_info    0x0000d175     0x2156 ./custom/lstr25/SRC/data.o
 .debug_info    0x0000f2cb      0x4ca ./custom/lstr25/SRC/global.o
 .debug_info    0x0000f795      0x50f ./custom/lstr25/SRC/gpio.o
 .debug_info    0x0000fca4     0x14ba ./custom/lstr25/SRC/main.o
 .debug_info    0x0001115e      0x9c7 ./custom/lstr25/SRC/rtc.o
 .debug_info    0x00011b25     0x1fa8 ./custom/lstr25/SRC/sms.o
 .debug_info    0x00013acd      0x524 ./custom/lstr25/SRC/subtask1_gpio.o
 .debug_info    0x00013ff1     0x30c5 ./custom/lstr25/SRC/task1.o
 .debug_info    0x000170b6     0x39a1 ./custom/lstr25/SRC/task2.o
 .debug_info    0x0001aa57     0x267b ./custom/lstr25/SRC/task3.o
 .debug_info    0x0001d0d2      0xa23 ./custom/lstr25/SRC/task4.o
 .debug_info    0x0001daf5     0x1950 ./custom/fota/src/fota_ftp.o
 .debug_info    0x0001f445      0x9c3 ./custom/fota/src/fota_main.o
 .debug_info    0x0001fe08      0x2e6 ./custom/config/custom_sys_cfg.o
 .debug_info    0x000200ee      0x292 ./custom/config/sys_config.o

.debug_abbrev   0x00000000     0x385d
 .debug_abbrev  0x00000000       0xc9 ./ril/src/ril_atResponse.o
 .debug_abbrev  0x000000c9      0x2ae ./ril/src/ril_audio.o
 .debug_abbrev  0x00000377      0x3b4 ./ril/src/ril_bluetooth.o
 .debug_abbrev  0x0000072b       0xb6 ./ril/src/ril_custom.o
 .debug_abbrev  0x000007e1      0x29b ./ril/src/ril_ftp.o
 .debug_abbrev  0x00000a7c      0x1d8 ./ril/src/ril_http.o
 .debug_abbrev  0x00000c54       0x87 ./ril/src/ril_init.o
 .debug_abbrev  0x00000cdb      0x342 ./ril/src/ril_network.o
 .debug_abbrev  0x0000101d      0x354 ./ril/src/ril_sms.o
 .debug_abbrev  0x00001371      0x1cf ./ril/src/ril_telephony.o
 .debug_abbrev  0x00001540      0x314 ./ril/src/ril_urc.o
 .debug_abbrev  0x00001854      0x15e ./ril/src/ril_util.o
 .debug_abbrev  0x000019b2      0x325 ./custom/lstr25/SRC/data.o
 .debug_abbrev  0x00001cd7      0x10f ./custom/lstr25/SRC/global.o
 .debug_abbrev  0x00001de6      0x130 ./custom/lstr25/SRC/gpio.o
 .debug_abbrev  0x00001f16      0x255 ./custom/lstr25/SRC/main.o
 .debug_abbrev  0x0000216b      0x1d6 ./custom/lstr25/SRC/rtc.o
 .debug_abbrev  0x00002341      0x278 ./custom/lstr25/SRC/sms.o
 .debug_abbrev  0x000025b9      0x160 ./custom/lstr25/SRC/subtask1_gpio.o
 .debug_abbrev  0x00002719      0x3d2 ./custom/lstr25/SRC/task1.o
 .debug_abbrev  0x00002aeb      0x395 ./custom/lstr25/SRC/task2.o
 .debug_abbrev  0x00002e80      0x2e7 ./custom/lstr25/SRC/task3.o
 .debug_abbrev  0x00003167      0x1ac ./custom/lstr25/SRC/task4.o
 .debug_abbrev  0x00003313      0x20f ./custom/fota/src/fota_ftp.o
 .debug_abbrev  0x00003522      0x19a ./custom/fota/src/fota_main.o
 .debug_abbrev  0x000036bc       0xdc ./custom/config/custom_sys_cfg.o
 .debug_abbrev  0x00003798       0xc5 ./custom/config/sys_config.o

.debug_loc      0x00000000     0xceb5
 .debug_loc     0x00000000       0x7d ./ril/src/ril_atResponse.o
 .debug_loc     0x0000007d      0xa57 ./ril/src/ril_audio.o
 .debug_loc     0x00000ad4     0x2378 ./ril/src/ril_bluetooth.o
 .debug_loc     0x00002e4c       0x83 ./ril/src/ril_custom.o
 .debug_loc     0x00002ecf      0xc67 ./ril/src/ril_ftp.o
 .debug_loc     0x00003b36      0x484 ./ril/src/ril_http.o
 .debug_loc     0x00003fba      0xc21 ./ril/src/ril_network.o
 .debug_loc     0x00004bdb     0x2223 ./ril/src/ril_sms.o
 .debug_loc     0x00006dfe      0x39d ./ril/src/ril_telephony.o
 .debug_loc     0x0000719b      0xb40 ./ril/src/ril_urc.o
 .debug_loc     0x00007cdb      0x5e1 ./ril/src/ril_util.o
 .debug_loc     0x000082bc      0xcbe ./custom/lstr25/SRC/data.o
 .debug_loc     0x00008f7a       0x20 ./custom/lstr25/SRC/gpio.o
 .debug_loc     0x00008f9a      0x132 ./custom/lstr25/SRC/main.o
 .debug_loc     0x000090cc      0x2c6 ./custom/lstr25/SRC/rtc.o
 .debug_loc     0x00009392      0x57f ./custom/lstr25/SRC/sms.o
 .debug_loc     0x00009911       0x4a ./custom/lstr25/SRC/subtask1_gpio.o
 .debug_loc     0x0000995b     0x10bb ./custom/lstr25/SRC/task1.o
 .debug_loc     0x0000aa16      0xdc8 ./custom/lstr25/SRC/task2.o
 .debug_loc     0x0000b7de      0x8e4 ./custom/lstr25/SRC/task3.o
 .debug_loc     0x0000c0c2       0x98 ./custom/lstr25/SRC/task4.o
 .debug_loc     0x0000c15a      0xa94 ./custom/fota/src/fota_ftp.o
 .debug_loc     0x0000cbee      0x2c7 ./custom/fota/src/fota_main.o

.debug_aranges  0x00000000      0x358
 .debug_aranges
                0x00000000       0x20 ./ril/src/ril_atResponse.o
 .debug_aranges
                0x00000020       0x20 ./ril/src/ril_audio.o
 .debug_aranges
                0x00000040       0x20 ./ril/src/ril_bluetooth.o
 .debug_aranges
                0x00000060       0x20 ./ril/src/ril_custom.o
 .debug_aranges
                0x00000080       0x20 ./ril/src/ril_ftp.o
 .debug_aranges
                0x000000a0       0x20 ./ril/src/ril_http.o
 .debug_aranges
                0x000000c0       0x20 ./ril/src/ril_init.o
 .debug_aranges
                0x000000e0       0x20 ./ril/src/ril_network.o
 .debug_aranges
                0x00000100       0x20 ./ril/src/ril_sms.o
 .debug_aranges
                0x00000120       0x20 ./ril/src/ril_telephony.o
 .debug_aranges
                0x00000140       0x20 ./ril/src/ril_urc.o
 .debug_aranges
                0x00000160       0x20 ./ril/src/ril_util.o
 .debug_aranges
                0x00000180       0x20 ./custom/lstr25/SRC/data.o
 .debug_aranges
                0x000001a0       0x20 ./custom/lstr25/SRC/global.o
 .debug_aranges
                0x000001c0       0x20 ./custom/lstr25/SRC/gpio.o
 .debug_aranges
                0x000001e0       0x20 ./custom/lstr25/SRC/main.o
 .debug_aranges
                0x00000200       0x20 ./custom/lstr25/SRC/rtc.o
 .debug_aranges
                0x00000220       0x20 ./custom/lstr25/SRC/sms.o
 .debug_aranges
                0x00000240       0x20 ./custom/lstr25/SRC/subtask1_gpio.o
 .debug_aranges
                0x00000260       0x20 ./custom/lstr25/SRC/task1.o
 .debug_aranges
                0x00000280       0x20 ./custom/lstr25/SRC/task2.o
 .debug_aranges
                0x000002a0       0x20 ./custom/lstr25/SRC/task3.o
 .debug_aranges
                0x000002c0       0x20 ./custom/lstr25/SRC/task4.o
 .debug_aranges
                0x000002e0       0x20 ./custom/fota/src/fota_ftp.o
 .debug_aranges
                0x00000300       0x20 ./custom/fota/src/fota_main.o
 .debug_aranges
                0x00000320       0x20 ./custom/config/custom_sys_cfg.o
 .debug_aranges
                0x00000340       0x18 ./custom/config/sys_config.o

.debug_macro    0x00000000     0x29f8
 .debug_macro   0x00000000       0x53 ./ril/src/ril_atResponse.o
 .debug_macro   0x00000053       0xd9 ./ril/src/ril_audio.o
 .debug_macro   0x0000012c       0x2b ./ril/src/ril_audio.o
 .debug_macro   0x00000157       0x1d ./ril/src/ril_audio.o
 .debug_macro   0x00000174       0x2b ./ril/src/ril_audio.o
 .debug_macro   0x0000019f       0x1e ./ril/src/ril_audio.o
 .debug_macro   0x000001bd       0xb5 ./ril/src/ril_bluetooth.o
 .debug_macro   0x00000272       0x2e ./ril/src/ril_bluetooth.o
 .debug_macro   0x000002a0       0x49 ./ril/src/ril_custom.o
 .debug_macro   0x000002e9       0xe3 ./ril/src/ril_ftp.o
 .debug_macro   0x000003cc       0xe7 ./ril/src/ril_http.o
 .debug_macro   0x000004b3       0xa0 ./ril/src/ril_init.o
 .debug_macro   0x00000553       0xad ./ril/src/ril_network.o
 .debug_macro   0x00000600      0x171 ./ril/src/ril_sms.o
 .debug_macro   0x00000771      0x158 ./ril/src/ril_sms.o
 .debug_macro   0x000008c9       0x1c ./ril/src/ril_sms.o
 .debug_macro   0x000008e5       0x52 ./ril/src/ril_telephony.o
 .debug_macro   0x00000937       0x10 ./ril/src/ril_telephony.o
 .debug_macro   0x00000947       0xea ./ril/src/ril_urc.o
 .debug_macro   0x00000a31       0x42 ./ril/src/ril_util.o
 .debug_macro   0x00000a73      0x201 ./custom/lstr25/SRC/data.o
 .debug_macro   0x00000c74       0x3a ./custom/lstr25/SRC/data.o
 .debug_macro   0x00000cae       0x2e ./custom/lstr25/SRC/data.o
 .debug_macro   0x00000cdc       0x95 ./custom/lstr25/SRC/data.o
 .debug_macro   0x00000d71       0x3a ./custom/lstr25/SRC/data.o
 .debug_macro   0x00000dab       0x52 ./custom/lstr25/SRC/data.o
 .debug_macro   0x00000dfd       0x19 ./custom/lstr25/SRC/data.o
 .debug_macro   0x00000e16      0x16d ./custom/lstr25/SRC/data.o
 .debug_macro   0x00000f83       0x89 ./custom/lstr25/SRC/data.o
 .debug_macro   0x0000100c       0x10 ./custom/lstr25/SRC/data.o
 .debug_macro   0x0000101c       0x4c ./custom/lstr25/SRC/data.o
 .debug_macro   0x00001068       0x34 ./custom/lstr25/SRC/data.o
 .debug_macro   0x0000109c       0x10 ./custom/lstr25/SRC/data.o
 .debug_macro   0x000010ac       0x34 ./custom/lstr25/SRC/data.o
 .debug_macro   0x000010e0       0x1c ./custom/lstr25/SRC/data.o
 .debug_macro   0x000010fc       0x28 ./custom/lstr25/SRC/data.o
 .debug_macro   0x00001124       0x16 ./custom/lstr25/SRC/data.o
 .debug_macro   0x0000113a       0xdb ./custom/lstr25/SRC/global.o
 .debug_macro   0x00001215       0x46 ./custom/lstr25/SRC/global.o
 .debug_macro   0x0000125b       0x2e ./custom/lstr25/SRC/global.o
 .debug_macro   0x00001289      0x1bf ./custom/lstr25/SRC/gpio.o
 .debug_macro   0x00001448      0x210 ./custom/lstr25/SRC/main.o
 .debug_macro   0x00001658      0x10c ./custom/lstr25/SRC/main.o
 .debug_macro   0x00001764      0x1d9 ./custom/lstr25/SRC/rtc.o
 .debug_macro   0x0000193d       0x10 ./custom/lstr25/SRC/rtc.o
 .debug_macro   0x0000194d      0x1fc ./custom/lstr25/SRC/sms.o
 .debug_macro   0x00001b49      0x1cc ./custom/lstr25/SRC/subtask1_gpio.o
 .debug_macro   0x00001d15      0x226 ./custom/lstr25/SRC/task1.o
 .debug_macro   0x00001f3b      0x1f2 ./custom/lstr25/SRC/task2.o
 .debug_macro   0x0000212d      0x1e5 ./custom/lstr25/SRC/task3.o
 .debug_macro   0x00002312       0x4c ./custom/lstr25/SRC/task3.o
 .debug_macro   0x0000235e      0x1fe ./custom/lstr25/SRC/task4.o
 .debug_macro   0x0000255c       0x40 ./custom/lstr25/SRC/task4.o
 .debug_macro   0x0000259c      0x120 ./custom/fota/src/fota_ftp.o
 .debug_macro   0x000026bc       0x34 ./custom/fota/src/fota_ftp.o
 .debug_macro   0x000026f0       0xf0 ./custom/fota/src/fota_main.o
 .debug_macro   0x000027e0       0x3a ./custom/fota/src/fota_main.o
 .debug_macro   0x0000281a       0x59 ./custom/config/custom_sys_cfg.o
 .debug_macro   0x00002873       0xf1 ./custom/config/sys_config.o
 .debug_macro   0x00002964       0x2b ./custom/config/sys_config.o
 .debug_macro   0x0000298f       0x2b ./custom/config/sys_config.o
 .debug_macro   0x000029ba       0x3e ./custom/config/sys_config.o

.debug_line     0x00000000     0x74b6
 .debug_line    0x00000000      0x149 ./ril/src/ril_atResponse.o
 .debug_line    0x00000149      0x2bc ./ril/src/ril_audio.o
 .debug_line    0x00000405      0x783 ./ril/src/ril_bluetooth.o
 .debug_line    0x00000b88      0x12b ./ril/src/ril_custom.o
 .debug_line    0x00000cb3      0x332 ./ril/src/ril_ftp.o
 .debug_line    0x00000fe5      0x25b ./ril/src/ril_http.o
 .debug_line    0x00001240      0x188 ./ril/src/ril_init.o
 .debug_line    0x000013c8      0x321 ./ril/src/ril_network.o
 .debug_line    0x000016e9      0x658 ./ril/src/ril_sms.o
 .debug_line    0x00001d41      0x18a ./ril/src/ril_telephony.o
 .debug_line    0x00001ecb      0x38b ./ril/src/ril_urc.o
 .debug_line    0x00002256      0x1d6 ./ril/src/ril_util.o
 .debug_line    0x0000242c      0x820 ./custom/lstr25/SRC/data.o
 .debug_line    0x00002c4c      0x1da ./custom/lstr25/SRC/global.o
 .debug_line    0x00002e26      0x531 ./custom/lstr25/SRC/gpio.o
 .debug_line    0x00003357      0x61c ./custom/lstr25/SRC/main.o
 .debug_line    0x00003973      0x63e ./custom/lstr25/SRC/rtc.o
 .debug_line    0x00003fb1      0x6da ./custom/lstr25/SRC/sms.o
 .debug_line    0x0000468b      0x53d ./custom/lstr25/SRC/subtask1_gpio.o
 .debug_line    0x00004bc8      0x8ef ./custom/lstr25/SRC/task1.o
 .debug_line    0x000054b7      0x8fb ./custom/lstr25/SRC/task2.o
 .debug_line    0x00005db2      0x731 ./custom/lstr25/SRC/task3.o
 .debug_line    0x000064e3      0x5f1 ./custom/lstr25/SRC/task4.o
 .debug_line    0x00006ad4      0x466 ./custom/fota/src/fota_ftp.o
 .debug_line    0x00006f3a      0x285 ./custom/fota/src/fota_main.o
 .debug_line    0x000071bf      0x141 ./custom/config/custom_sys_cfg.o
 .debug_line    0x00007300      0x1b6 ./custom/config/sys_config.o

.debug_str      0x00000000     0xccba
 .debug_str     0x00000000     0x2428 ./ril/src/ril_atResponse.o
                               0x2496 (size before relaxing)
 .debug_str     0x00002428     0x1707 ./ril/src/ril_audio.o
                               0x3b93 (size before relaxing)
 .debug_str     0x00003b2f      0xaa3 ./ril/src/ril_bluetooth.o
                               0x32ef (size before relaxing)
 .debug_str     0x000045d2       0x5b ./ril/src/ril_custom.o
                               0x247b (size before relaxing)
 .debug_str     0x0000462d      0x2ea ./ril/src/ril_ftp.o
                               0x3953 (size before relaxing)
 .debug_str     0x00004917      0x205 ./ril/src/ril_http.o
                               0x2a88 (size before relaxing)
 .debug_str     0x00004b1c       0x56 ./ril/src/ril_init.o
                               0x2754 (size before relaxing)
 .debug_str     0x00004b72      0x368 ./ril/src/ril_network.o
                               0x2be8 (size before relaxing)
 .debug_str     0x00004eda     0x262d ./ril/src/ril_sms.o
                               0x4e70 (size before relaxing)
 .debug_str     0x00007507      0x17c ./ril/src/ril_telephony.o
                               0x25fc (size before relaxing)
 .debug_str     0x00007683      0x3f1 ./ril/src/ril_urc.o
                               0x3da7 (size before relaxing)
 .debug_str     0x00007a74       0xb3 ./ril/src/ril_util.o
                               0x23b1 (size before relaxing)
 .debug_str     0x00007b27     0x2a6b ./custom/lstr25/SRC/data.o
                               0x52ba (size before relaxing)
 .debug_str     0x0000a592       0x34 ./custom/lstr25/SRC/global.o
                               0x2cd8 (size before relaxing)
 .debug_str     0x0000a5c6      0x1ce ./custom/lstr25/SRC/gpio.o
                               0x48ae (size before relaxing)
 .debug_str     0x0000a794      0x6c0 ./custom/lstr25/SRC/main.o
                               0x53ea (size before relaxing)
 .debug_str     0x0000ae54       0x7f ./custom/lstr25/SRC/rtc.o
                               0x4891 (size before relaxing)
 .debug_str     0x0000aed3      0x250 ./custom/lstr25/SRC/sms.o
                               0x60be (size before relaxing)
 .debug_str     0x0000b123       0x3c ./custom/lstr25/SRC/subtask1_gpio.o
                               0x478a (size before relaxing)
 .debug_str     0x0000b15f      0x3ae ./custom/lstr25/SRC/task1.o
                               0x5c35 (size before relaxing)
 .debug_str     0x0000b50d      0x64d ./custom/lstr25/SRC/task2.o
                               0x6070 (size before relaxing)
 .debug_str     0x0000bb5a      0x330 ./custom/lstr25/SRC/task3.o
                               0x5c22 (size before relaxing)
 .debug_str     0x0000be8a      0x2d2 ./custom/lstr25/SRC/task4.o
                               0x4ca2 (size before relaxing)
 .debug_str     0x0000c15c      0x373 ./custom/fota/src/fota_ftp.o
                               0x3e1e (size before relaxing)
 .debug_str     0x0000c4cf      0x28a ./custom/fota/src/fota_main.o
                               0x3bf4 (size before relaxing)
 .debug_str     0x0000c759      0x1da ./custom/config/custom_sys_cfg.o
                               0x285c (size before relaxing)
 .debug_str     0x0000c933      0x387 ./custom/config/sys_config.o
                               0x2c46 (size before relaxing)

.comment        0x00000000       0x30
 .comment       0x00000000       0x30 ./ril/src/ril_atResponse.o
                                 0x31 (size before relaxing)
 .comment       0x00000000       0x31 ./ril/src/ril_audio.o
 .comment       0x00000000       0x31 ./ril/src/ril_bluetooth.o
 .comment       0x00000000       0x31 ./ril/src/ril_custom.o
 .comment       0x00000000       0x31 ./ril/src/ril_ftp.o
 .comment       0x00000000       0x31 ./ril/src/ril_http.o
 .comment       0x00000000       0x31 ./ril/src/ril_init.o
 .comment       0x00000000       0x31 ./ril/src/ril_network.o
 .comment       0x00000000       0x31 ./ril/src/ril_sms.o
 .comment       0x00000000       0x31 ./ril/src/ril_telephony.o
 .comment       0x00000000       0x31 ./ril/src/ril_urc.o
 .comment       0x00000000       0x31 ./ril/src/ril_util.o
 .comment       0x00000000       0x31 ./custom/lstr25/SRC/data.o
 .comment       0x00000000       0x31 ./custom/lstr25/SRC/global.o
 .comment       0x00000000       0x31 ./custom/lstr25/SRC/gpio.o
 .comment       0x00000000       0x31 ./custom/lstr25/SRC/main.o
 .comment       0x00000000       0x31 ./custom/lstr25/SRC/rtc.o
 .comment       0x00000000       0x31 ./custom/lstr25/SRC/sms.o
 .comment       0x00000000       0x31 ./custom/lstr25/SRC/subtask1_gpio.o
 .comment       0x00000000       0x31 ./custom/lstr25/SRC/task1.o
 .comment       0x00000000       0x31 ./custom/lstr25/SRC/task2.o
 .comment       0x00000000       0x31 ./custom/lstr25/SRC/task3.o
 .comment       0x00000000       0x31 ./custom/lstr25/SRC/task4.o
 .comment       0x00000000       0x31 ./custom/fota/src/fota_ftp.o
 .comment       0x00000000       0x31 ./custom/fota/src/fota_main.o
 .comment       0x00000000       0x31 ./custom/config/custom_sys_cfg.o
 .comment       0x00000000       0x31 ./custom/config/sys_config.o
 .comment       0x00000000       0x31 D:\Work_space\Eclipse\vtm_soft\VTM_V1_M\libs\gcc\libapp_start.a(fileSys.o)
 .comment       0x00000000       0x31 D:\Work_space\Eclipse\vtm_soft\VTM_V1_M\libs\gcc\libapp_start.a(fota.o)
 .comment       0x00000000       0x31 D:\Work_space\Eclipse\vtm_soft\VTM_V1_M\libs\gcc\libapp_start.a(gpio.o)
 .comment       0x00000000       0x31 D:\Work_space\Eclipse\vtm_soft\VTM_V1_M\libs\gcc\libapp_start.a(gprs.o)
 .comment       0x00000000       0x31 D:\Work_space\Eclipse\vtm_soft\VTM_V1_M\libs\gcc\libapp_start.a(lib_ril_sms.o)
 .comment       0x00000000       0x31 D:\Work_space\Eclipse\vtm_soft\VTM_V1_M\libs\gcc\libapp_start.a(memory.o)
 .comment       0x00000000       0x31 D:\Work_space\Eclipse\vtm_soft\VTM_V1_M\libs\gcc\libapp_start.a(ql_func.o)
 .comment       0x00000000       0x31 D:\Work_space\Eclipse\vtm_soft\VTM_V1_M\libs\gcc\libapp_start.a(ql_main.o)
 .comment       0x00000000       0x31 D:\Work_space\Eclipse\vtm_soft\VTM_V1_M\libs\gcc\libapp_start.a(ril_aux.o)
 .comment       0x00000000       0x31 D:\Work_space\Eclipse\vtm_soft\VTM_V1_M\libs\gcc\libapp_start.a(ril_main.o)
 .comment       0x00000000       0x31 D:\Work_space\Eclipse\vtm_soft\VTM_V1_M\libs\gcc\libapp_start.a(socket.o)
 .comment       0x00000000       0x31 D:\Work_space\Eclipse\vtm_soft\VTM_V1_M\libs\gcc\libapp_start.a(stdlib_func.o)
 .comment       0x00000000       0x31 D:\Work_space\Eclipse\vtm_soft\VTM_V1_M\libs\gcc\libapp_start.a(system.o)
 .comment       0x00000000       0x31 D:\Work_space\Eclipse\vtm_soft\VTM_V1_M\libs\gcc\libapp_start.a(taskMngt.o)
 .comment       0x00000000       0x31 D:\Work_space\Eclipse\vtm_soft\VTM_V1_M\libs\gcc\libapp_start.a(timer.o)
 .comment       0x00000000       0x31 D:\Work_space\Eclipse\vtm_soft\VTM_V1_M\libs\gcc\libapp_start.a(uart.o)

.ARM.attributes
                0x00000000       0x2b
 .ARM.attributes
                0x00000000       0x2b ./ril/src/ril_atResponse.o
 .ARM.attributes
                0x0000002b       0x2b ./ril/src/ril_audio.o
 .ARM.attributes
                0x00000056       0x2b ./ril/src/ril_bluetooth.o
 .ARM.attributes
                0x00000081       0x2b ./ril/src/ril_custom.o
 .ARM.attributes
                0x000000ac       0x2b ./ril/src/ril_ftp.o
 .ARM.attributes
                0x000000d7       0x2b ./ril/src/ril_http.o
 .ARM.attributes
                0x00000102       0x2b ./ril/src/ril_init.o
 .ARM.attributes
                0x0000012d       0x2b ./ril/src/ril_network.o
 .ARM.attributes
                0x00000158       0x2b ./ril/src/ril_sms.o
 .ARM.attributes
                0x00000183       0x2b ./ril/src/ril_telephony.o
 .ARM.attributes
                0x000001ae       0x2b ./ril/src/ril_urc.o
 .ARM.attributes
                0x000001d9       0x2b ./ril/src/ril_util.o
 .ARM.attributes
                0x00000204       0x2b ./custom/lstr25/SRC/data.o
 .ARM.attributes
                0x0000022f       0x2b ./custom/lstr25/SRC/global.o
 .ARM.attributes
                0x0000025a       0x2b ./custom/lstr25/SRC/gpio.o
 .ARM.attributes
                0x00000285       0x2b ./custom/lstr25/SRC/main.o
 .ARM.attributes
                0x000002b0       0x2b ./custom/lstr25/SRC/rtc.o
 .ARM.attributes
                0x000002db       0x2b ./custom/lstr25/SRC/sms.o
 .ARM.attributes
                0x00000306       0x2b ./custom/lstr25/SRC/subtask1_gpio.o
 .ARM.attributes
                0x00000331       0x2b ./custom/lstr25/SRC/task1.o
 .ARM.attributes
                0x0000035c       0x2b ./custom/lstr25/SRC/task2.o
 .ARM.attributes
                0x00000387       0x2b ./custom/lstr25/SRC/task3.o
 .ARM.attributes
                0x000003b2       0x2b ./custom/lstr25/SRC/task4.o
 .ARM.attributes
                0x000003dd       0x2b ./custom/fota/src/fota_ftp.o
 .ARM.attributes
                0x00000408       0x2b ./custom/fota/src/fota_main.o
 .ARM.attributes
                0x00000433       0x2b ./custom/config/custom_sys_cfg.o
 .ARM.attributes
                0x0000045e       0x2b ./custom/config/sys_config.o
 .ARM.attributes
                0x00000489       0x2b D:\Work_space\Eclipse\vtm_soft\VTM_V1_M\libs\gcc\libapp_start.a(fileSys.o)
 .ARM.attributes
                0x000004b4       0x2b D:\Work_space\Eclipse\vtm_soft\VTM_V1_M\libs\gcc\libapp_start.a(fota.o)
 .ARM.attributes
                0x000004df       0x2b D:\Work_space\Eclipse\vtm_soft\VTM_V1_M\libs\gcc\libapp_start.a(gpio.o)
 .ARM.attributes
                0x0000050a       0x2b D:\Work_space\Eclipse\vtm_soft\VTM_V1_M\libs\gcc\libapp_start.a(gprs.o)
 .ARM.attributes
                0x00000535       0x2b D:\Work_space\Eclipse\vtm_soft\VTM_V1_M\libs\gcc\libapp_start.a(lib_ril_sms.o)
 .ARM.attributes
                0x00000560       0x2b D:\Work_space\Eclipse\vtm_soft\VTM_V1_M\libs\gcc\libapp_start.a(memory.o)
 .ARM.attributes
                0x0000058b       0x2b D:\Work_space\Eclipse\vtm_soft\VTM_V1_M\libs\gcc\libapp_start.a(ql_func.o)
 .ARM.attributes
                0x000005b6       0x2b D:\Work_space\Eclipse\vtm_soft\VTM_V1_M\libs\gcc\libapp_start.a(ql_main.o)
 .ARM.attributes
                0x000005e1       0x2b D:\Work_space\Eclipse\vtm_soft\VTM_V1_M\libs\gcc\libapp_start.a(ril_aux.o)
 .ARM.attributes
                0x0000060c       0x2b D:\Work_space\Eclipse\vtm_soft\VTM_V1_M\libs\gcc\libapp_start.a(ril_main.o)
 .ARM.attributes
                0x00000637       0x2b D:\Work_space\Eclipse\vtm_soft\VTM_V1_M\libs\gcc\libapp_start.a(socket.o)
 .ARM.attributes
                0x00000662       0x2b D:\Work_space\Eclipse\vtm_soft\VTM_V1_M\libs\gcc\libapp_start.a(stdlib_func.o)
 .ARM.attributes
                0x0000068d       0x2b D:\Work_space\Eclipse\vtm_soft\VTM_V1_M\libs\gcc\libapp_start.a(system.o)
 .ARM.attributes
                0x000006b8       0x2b D:\Work_space\Eclipse\vtm_soft\VTM_V1_M\libs\gcc\libapp_start.a(taskMngt.o)
 .ARM.attributes
                0x000006e3       0x2b D:\Work_space\Eclipse\vtm_soft\VTM_V1_M\libs\gcc\libapp_start.a(timer.o)
 .ARM.attributes
                0x0000070e       0x2b D:\Work_space\Eclipse\vtm_soft\VTM_V1_M\libs\gcc\libapp_start.a(uart.o)
 .ARM.attributes
                0x00000739       0x1d D:\Work_space\Eclipse\vtm_soft\VTM_V1_M\libs\gcc\libapp_start.a(ocpu_init.o)
 .ARM.attributes
                0x00000756       0x30 C:\Program Files (x86)\CodeSourcery\Sourcery_CodeBench_Lite_for_ARM_EABI\arm-none-eabi\lib\thumb\libc.a(lib_a-memcpy.o)
 .ARM.attributes
                0x00000786       0x30 C:\Program Files (x86)\CodeSourcery\Sourcery_CodeBench_Lite_for_ARM_EABI\arm-none-eabi\lib\thumb\libc.a(lib_a-memset.o)
 .ARM.attributes
                0x000007b6       0x30 C:\Program Files (x86)\CodeSourcery\Sourcery_CodeBench_Lite_for_ARM_EABI\arm-none-eabi\lib\thumb\libc.a(lib_a-strstr.o)
 .ARM.attributes
                0x000007e6       0x30 C:\Program Files (x86)\CodeSourcery\Sourcery_CodeBench_Lite_for_ARM_EABI\arm-none-eabi\lib\thumb\libc.a(lib_a-strtok.o)
 .ARM.attributes
                0x00000816       0x30 C:\Program Files (x86)\CodeSourcery\Sourcery_CodeBench_Lite_for_ARM_EABI\arm-none-eabi\lib\thumb\libc.a(lib_a-strtok_r.o)
 .ARM.attributes
                0x00000846       0x30 C:\Program Files (x86)\CodeSourcery\Sourcery_CodeBench_Lite_for_ARM_EABI\arm-none-eabi\lib\thumb\libc.a(lib_a-impure.o)
 .ARM.attributes
                0x00000876       0x30 C:\Program Files (x86)\CodeSourcery\Sourcery_CodeBench_Lite_for_ARM_EABI\arm-none-eabi\lib\thumb\libc.a(lib_a-memchr.o)
 .ARM.attributes
                0x000008a6       0x30 C:\Program Files (x86)\CodeSourcery\Sourcery_CodeBench_Lite_for_ARM_EABI\arm-none-eabi\lib\thumb\libc.a(lib_a-memcmp.o)
 .ARM.attributes
                0x000008d6       0x30 C:\Program Files (x86)\CodeSourcery\Sourcery_CodeBench_Lite_for_ARM_EABI\arm-none-eabi\lib\thumb\libc.a(lib_a-strchr.o)
 .ARM.attributes
                0x00000906       0x18 C:\Program Files (x86)\CodeSourcery\Sourcery_CodeBench_Lite_for_ARM_EABI\lib\gcc\arm-none-eabi\4.7.2\thumb\libgcc.a(_udivsi3.o)
 .ARM.attributes
                0x0000091e       0x18 C:\Program Files (x86)\CodeSourcery\Sourcery_CodeBench_Lite_for_ARM_EABI\lib\gcc\arm-none-eabi\4.7.2\thumb\libgcc.a(_divsi3.o)
 .ARM.attributes
                0x00000936       0x16 C:\Program Files (x86)\CodeSourcery\Sourcery_CodeBench_Lite_for_ARM_EABI\lib\gcc\arm-none-eabi\4.7.2\thumb\libgcc.a(_dvmd_tls.o)
 .ARM.attributes
                0x0000094c       0x18 C:\Program Files (x86)\CodeSourcery\Sourcery_CodeBench_Lite_for_ARM_EABI\lib\gcc\arm-none-eabi\4.7.2\thumb\libgcc.a(_arm_addsubdf3.o)
 .ARM.attributes
                0x00000964       0x18 C:\Program Files (x86)\CodeSourcery\Sourcery_CodeBench_Lite_for_ARM_EABI\lib\gcc\arm-none-eabi\4.7.2\thumb\libgcc.a(_arm_muldivdf3.o)
 .ARM.attributes
                0x0000097c       0x18 C:\Program Files (x86)\CodeSourcery\Sourcery_CodeBench_Lite_for_ARM_EABI\lib\gcc\arm-none-eabi\4.7.2\thumb\libgcc.a(_arm_fixunsdfsi.o)
 .ARM.attributes
                0x00000994       0x18 C:\Program Files (x86)\CodeSourcery\Sourcery_CodeBench_Lite_for_ARM_EABI\lib\gcc\arm-none-eabi\4.7.2\thumb\libgcc.a(_arm_truncdfsf2.o)
 .ARM.attributes
                0x000009ac       0x18 C:\Program Files (x86)\CodeSourcery\Sourcery_CodeBench_Lite_for_ARM_EABI\lib\gcc\arm-none-eabi\4.7.2\thumb\libgcc.a(_arm_addsubsf3.o)
 .ARM.attributes
                0x000009c4       0x18 C:\Program Files (x86)\CodeSourcery\Sourcery_CodeBench_Lite_for_ARM_EABI\lib\gcc\arm-none-eabi\4.7.2\thumb\libgcc.a(_arm_muldivsf3.o)
 .ARM.attributes
                0x000009dc       0x18 C:\Program Files (x86)\CodeSourcery\Sourcery_CodeBench_Lite_for_ARM_EABI\lib\gcc\arm-none-eabi\4.7.2\thumb\libgcc.a(_arm_fixunssfsi.o)

.debug_frame    0x00000000     0x1ed0
 .debug_frame   0x00000000       0x2c ./ril/src/ril_atResponse.o
 .debug_frame   0x0000002c      0x198 ./ril/src/ril_audio.o
 .debug_frame   0x000001c4      0x584 ./ril/src/ril_bluetooth.o
 .debug_frame   0x00000748       0x28 ./ril/src/ril_custom.o
 .debug_frame   0x00000770      0x240 ./ril/src/ril_ftp.o
 .debug_frame   0x000009b0       0xb4 ./ril/src/ril_http.o
 .debug_frame   0x00000a64       0x30 ./ril/src/ril_init.o
 .debug_frame   0x00000a94      0x220 ./ril/src/ril_network.o
 .debug_frame   0x00000cb4      0x1e8 ./ril/src/ril_sms.o
 .debug_frame   0x00000e9c       0xa0 ./ril/src/ril_telephony.o
 .debug_frame   0x00000f3c      0x1a0 ./ril/src/ril_urc.o
 .debug_frame   0x000010dc       0xbc ./ril/src/ril_util.o
 .debug_frame   0x00001198      0x1a0 ./custom/lstr25/SRC/data.o
 .debug_frame   0x00001338       0x20 ./custom/lstr25/SRC/global.o
 .debug_frame   0x00001358       0x28 ./custom/lstr25/SRC/gpio.o
 .debug_frame   0x00001380       0x50 ./custom/lstr25/SRC/main.o
 .debug_frame   0x000013d0       0x98 ./custom/lstr25/SRC/rtc.o
 .debug_frame   0x00001468      0x154 ./custom/lstr25/SRC/sms.o
 .debug_frame   0x000015bc       0x34 ./custom/lstr25/SRC/subtask1_gpio.o
 .debug_frame   0x000015f0      0x24c ./custom/lstr25/SRC/task1.o
 .debug_frame   0x0000183c      0x198 ./custom/lstr25/SRC/task2.o
 .debug_frame   0x000019d4      0x178 ./custom/lstr25/SRC/task3.o
 .debug_frame   0x00001b4c       0x58 ./custom/lstr25/SRC/task4.o
 .debug_frame   0x00001ba4       0x78 ./custom/fota/src/fota_ftp.o
 .debug_frame   0x00001c1c       0x60 ./custom/fota/src/fota_main.o
 .debug_frame   0x00001c7c       0x20 ./custom/config/custom_sys_cfg.o
 .debug_frame   0x00001c9c       0x38 C:\Program Files (x86)\CodeSourcery\Sourcery_CodeBench_Lite_for_ARM_EABI\arm-none-eabi\lib\thumb\libc.a(lib_a-memcpy.o)
 .debug_frame   0x00001cd4       0x2c C:\Program Files (x86)\CodeSourcery\Sourcery_CodeBench_Lite_for_ARM_EABI\arm-none-eabi\lib\thumb\libc.a(lib_a-memset.o)
 .debug_frame   0x00001d00       0x94 C:\Program Files (x86)\CodeSourcery\Sourcery_CodeBench_Lite_for_ARM_EABI\arm-none-eabi\lib\thumb\libc.a(lib_a-strstr.o)
 .debug_frame   0x00001d94       0x28 C:\Program Files (x86)\CodeSourcery\Sourcery_CodeBench_Lite_for_ARM_EABI\arm-none-eabi\lib\thumb\libc.a(lib_a-strtok.o)
 .debug_frame   0x00001dbc       0x48 C:\Program Files (x86)\CodeSourcery\Sourcery_CodeBench_Lite_for_ARM_EABI\arm-none-eabi\lib\thumb\libc.a(lib_a-strtok_r.o)
 .debug_frame   0x00001e04       0x30 C:\Program Files (x86)\CodeSourcery\Sourcery_CodeBench_Lite_for_ARM_EABI\arm-none-eabi\lib\thumb\libc.a(lib_a-memchr.o)
 .debug_frame   0x00001e34       0x2c C:\Program Files (x86)\CodeSourcery\Sourcery_CodeBench_Lite_for_ARM_EABI\arm-none-eabi\lib\thumb\libc.a(lib_a-memcmp.o)
 .debug_frame   0x00001e60       0x30 C:\Program Files (x86)\CodeSourcery\Sourcery_CodeBench_Lite_for_ARM_EABI\arm-none-eabi\lib\thumb\libc.a(lib_a-strchr.o)
 .debug_frame   0x00001e90       0x20 C:\Program Files (x86)\CodeSourcery\Sourcery_CodeBench_Lite_for_ARM_EABI\lib\gcc\arm-none-eabi\4.7.2\thumb\libgcc.a(_udivsi3.o)
 .debug_frame   0x00001eb0       0x20 C:\Program Files (x86)\CodeSourcery\Sourcery_CodeBench_Lite_for_ARM_EABI\lib\gcc\arm-none-eabi\4.7.2\thumb\libgcc.a(_divsi3.o)

.debug_ranges   0x00000000      0x828
 .debug_ranges  0x00000000       0x70 ./ril/src/ril_audio.o
 .debug_ranges  0x00000070      0x1f0 ./ril/src/ril_bluetooth.o
 .debug_ranges  0x00000260      0x270 ./ril/src/ril_sms.o
 .debug_ranges  0x000004d0       0x60 ./ril/src/ril_telephony.o
 .debug_ranges  0x00000530       0x60 ./ril/src/ril_urc.o